#
# There is insufficient memory for the Java Runtime Environment to continue.
# Native memory allocation (malloc) failed to allocate 911520 bytes for Chunk::new
# Possible reasons:
#   The system is out of physical RAM or swap space
#   The process is running with CompressedOops enabled, and the Java Heap may be blocking the growth of the native heap
# Possible solutions:
#   Reduce memory load on the system
#   Increase physical memory or swap space
#   Check if swap backing store is full
#   Decrease Java heap size (-Xmx/-Xms)
#   Decrease number of Java threads
#   Decrease Java thread stack sizes (-Xss)
#   Set larger code cache with -XX:ReservedCodeCacheSize=
#   JVM is running with Zero Based Compressed Oops mode in which the Java heap is
#     placed in the first 32GB address space. The Java Heap base address is the
#     maximum limit for the native heap growth. Please use -XX:HeapBaseMinAddress
#     to set the Java Heap base and to place the Java Heap above 32GB virtual address.
# This output file may be truncated or incomplete.
#
#  Out of Memory Error (arena.cpp:191), pid=48816, tid=10152
#
# JRE version: OpenJDK Runtime Environment Corretto-17.0.9.8.1 (17.0.9+8) (build 17.0.9+8-LTS)
# Java VM: OpenJDK 64-Bit Server VM Corretto-17.0.9.8.1 (17.0.9+8-LTS, mixed mode, sharing, tiered, compressed oops, compressed class ptrs, g1 gc, windows-amd64)
# No core dump will be written. Minidumps are not enabled by default on client versions of Windows
#

---------------  S U M M A R Y ------------

Command Line: -agentlib:jdwp=transport=dt_socket,address=127.0.0.1:57896,suspend=y,server=n -javaagent:C:\Users\cquiroz\AppData\Local\JetBrains\IdeaIC2025.2\captureAgent\debugger-agent.jar=file:///C:/Users/cquiroz/AppData/Local/Temp/capture15758126492585220229.props -Dkotlinx.coroutines.debug.enable.creation.stack.trace=false -Ddebugger.agent.enable.coroutines=true -Dkotlinx.coroutines.debug.enable.flows.stack.trace=true -Dkotlinx.coroutines.debug.enable.mutable.state.flows.stack.trace=true -Dfile.encoding=UTF-8 com.ceqb.SistemaVentaDispositivos2025.SistemaVentaDispositivos2025Application

Host: 11th Gen Intel(R) Core(TM) i7-11700 @ 2.50GHz, 16 cores, 31G,  Windows 11 , 64 bit Build 22621 (10.0.22621.5415)
Time: Fri Dec 19 14:57:37 2025 Hora est. Pacífico, Sudamérica elapsed time: 1.138670 seconds (0d 0h 0m 1s)

---------------  T H R E A D  ---------------

Current thread (0x000001c7d6a2fca0):  JavaThread "C2 CompilerThread2" daemon [_thread_in_native, id=10152, stack(0x00000006ffe00000,0x00000006fff00000)]


Current CompileTask:
C2:   1138 2215   !   4       java.net.URL::<init> (543 bytes)

Stack: [0x00000006ffe00000,0x00000006fff00000]
Native frames: (J=compiled Java code, j=interpreted, Vv=VM code, C=native code)
V  [jvm.dll+0x67cb49]
V  [jvm.dll+0x8344da]
V  [jvm.dll+0x835f9e]
V  [jvm.dll+0x836603]
V  [jvm.dll+0x247b5f]
V  [jvm.dll+0xac43c]
V  [jvm.dll+0xaca8c]
V  [jvm.dll+0x366c87]
V  [jvm.dll+0x330fda]
V  [jvm.dll+0x33047a]
V  [jvm.dll+0x21a201]
V  [jvm.dll+0x219621]
V  [jvm.dll+0x1a56cd]
V  [jvm.dll+0x2293ee]
V  [jvm.dll+0x2275bc]
V  [jvm.dll+0x7e95a7]
V  [jvm.dll+0x7e396a]
V  [jvm.dll+0x67ba35]
C  [ucrtbase.dll+0x29333]
C  [KERNEL32.DLL+0x1259d]
C  [ntdll.dll+0x5af78]


---------------  P R O C E S S  ---------------

Threads class SMR info:
_java_thread_list=0x000001c7d8307bb0, length=25, elements={
0x000001c7e31e0880, 0x000001c7fd7bff80, 0x000001c7fd7c0940, 0x000001c7904ca420,
0x000001c7904cacf0, 0x000001c7904cd5d0, 0x000001c7904cdea0, 0x000001c7904cfdf0,
0x000001c7904e3a80, 0x000001c7904edfa0, 0x000001c7fd7ad240, 0x000001c7907192b0,
0x000001c79071a5a0, 0x000001c790731690, 0x000001c7907327a0, 0x000001c79077e5e0,
0x000001c79079de90, 0x000001c79079e720, 0x000001c7907dd420, 0x000001c7907eea40,
0x000001c7d6a2fca0, 0x000001c7d6b53430, 0x000001c7d7af8bd0, 0x000001c7d7af7ca0,
0x000001c7d7ced260
}

Java Threads: ( => current thread )
  0x000001c7e31e0880 JavaThread "main" [_thread_blocked, id=44732, stack(0x00000006fe300000,0x00000006fe400000)]
  0x000001c7fd7bff80 JavaThread "Reference Handler" daemon [_thread_blocked, id=50356, stack(0x00000006fea00000,0x00000006feb00000)]
  0x000001c7fd7c0940 JavaThread "Finalizer" daemon [_thread_blocked, id=30576, stack(0x00000006feb00000,0x00000006fec00000)]
  0x000001c7904ca420 JavaThread "Signal Dispatcher" daemon [_thread_blocked, id=46648, stack(0x00000006fec00000,0x00000006fed00000)]
  0x000001c7904cacf0 JavaThread "Attach Listener" daemon [_thread_blocked, id=29112, stack(0x00000006fed00000,0x00000006fee00000)]
  0x000001c7904cd5d0 JavaThread "Service Thread" daemon [_thread_blocked, id=7036, stack(0x00000006fee00000,0x00000006fef00000)]
  0x000001c7904cdea0 JavaThread "Monitor Deflation Thread" daemon [_thread_blocked, id=42296, stack(0x00000006fef00000,0x00000006ff000000)]
  0x000001c7904cfdf0 JavaThread "C2 CompilerThread0" daemon [_thread_in_native, id=17236, stack(0x00000006ff000000,0x00000006ff100000)]
  0x000001c7904e3a80 JavaThread "C1 CompilerThread0" daemon [_thread_blocked, id=12328, stack(0x00000006ff100000,0x00000006ff200000)]
  0x000001c7904edfa0 JavaThread "Sweeper thread" daemon [_thread_blocked, id=36628, stack(0x00000006ff200000,0x00000006ff300000)]
  0x000001c7fd7ad240 JavaThread "Common-Cleaner" daemon [_thread_blocked, id=51852, stack(0x00000006ff300000,0x00000006ff400000)]
  0x000001c7907192b0 JavaThread "C1 CompilerThread1" daemon [_thread_blocked, id=26484, stack(0x00000006ff400000,0x00000006ff500000)]
  0x000001c79071a5a0 JavaThread "C1 CompilerThread2" daemon [_thread_blocked, id=51112, stack(0x00000006ff500000,0x00000006ff600000)]
  0x000001c790731690 JavaThread "C1 CompilerThread3" daemon [_thread_blocked, id=25188, stack(0x00000006ff600000,0x00000006ff700000)]
  0x000001c7907327a0 JavaThread "C2 CompilerThread1" daemon [_thread_in_native_trans, id=28032, stack(0x00000006ff700000,0x00000006ff800000)]
  0x000001c79077e5e0 JavaThread "JDWP Transport Listener: dt_socket" daemon [_thread_blocked, id=37316, stack(0x00000006ff800000,0x00000006ff900000)]
  0x000001c79079de90 JavaThread "JDWP Event Helper Thread" daemon [_thread_blocked, id=15876, stack(0x00000006ff900000,0x00000006ffa00000)]
  0x000001c79079e720 JavaThread "JDWP Command Reader" daemon [_thread_in_native, id=38556, stack(0x00000006ffa00000,0x00000006ffb00000)]
  0x000001c7907dd420 JavaThread "IntelliJ Suspend Helper" daemon [_thread_blocked, id=24644, stack(0x00000006ffb00000,0x00000006ffc00000)]
  0x000001c7907eea40 JavaThread "Notification Thread" daemon [_thread_blocked, id=19380, stack(0x00000006ffc00000,0x00000006ffd00000)]
=>0x000001c7d6a2fca0 JavaThread "C2 CompilerThread2" daemon [_thread_in_native, id=10152, stack(0x00000006ffe00000,0x00000006fff00000)]
  0x000001c7d6b53430 JavaThread "C2 CompilerThread3" daemon [_thread_in_native, id=8436, stack(0x00000006fff00000,0x0000000700000000)]
  0x000001c7d7af8bd0 JavaThread "Thread-0" [_thread_blocked, id=3364, stack(0x0000000680b00000,0x0000000680c00000)]
  0x000001c7d7af7ca0 JavaThread "restartedMain" [_thread_in_Java, id=41676, stack(0x0000000680c00000,0x0000000680d00000)]
  0x000001c7d7ced260 JavaThread "background-preinit" [_thread_in_vm, id=44356, stack(0x0000000680d00000,0x0000000680e00000)]

Other Threads:
  0x000001c7fd7bd630 VMThread "VM Thread" [stack: 0x00000006fe900000,0x00000006fea00000] [id=20388]
  0x000001c7908272b0 WatcherThread [stack: 0x00000006ffd00000,0x00000006ffe00000] [id=48716]
  0x000001c7fd610880 GCTaskThread "GC Thread#0" [stack: 0x00000006fe400000,0x00000006fe500000] [id=40728]
  0x000001c7d77a5980 GCTaskThread "GC Thread#1" [stack: 0x0000000680000000,0x0000000680100000] [id=41716]
  0x000001c7d6f2ec60 GCTaskThread "GC Thread#2" [stack: 0x0000000680100000,0x0000000680200000] [id=40500]
  0x000001c7d7965780 GCTaskThread "GC Thread#3" [stack: 0x0000000680200000,0x0000000680300000] [id=29048]
  0x000001c7d7399170 GCTaskThread "GC Thread#4" [stack: 0x0000000680300000,0x0000000680400000] [id=25924]
  0x000001c7d6a3ab40 GCTaskThread "GC Thread#5" [stack: 0x0000000680400000,0x0000000680500000] [id=21972]
  0x000001c7d6e4ecf0 GCTaskThread "GC Thread#6" [stack: 0x0000000680500000,0x0000000680600000] [id=7996]
  0x000001c7d6a40b10 GCTaskThread "GC Thread#7" [stack: 0x0000000680600000,0x0000000680700000] [id=47680]
  0x000001c7d711f070 GCTaskThread "GC Thread#8" [stack: 0x0000000680700000,0x0000000680800000] [id=41256]
  0x000001c7d6a3e380 GCTaskThread "GC Thread#9" [stack: 0x0000000680800000,0x0000000680900000] [id=5664]
  0x000001c7d7934a30 GCTaskThread "GC Thread#10" [stack: 0x0000000680900000,0x0000000680a00000] [id=16604]
  0x000001c7d6ade6c0 GCTaskThread "GC Thread#11" [stack: 0x0000000680a00000,0x0000000680b00000] [id=17908]
  0x000001c7e32731d0 ConcurrentGCThread "G1 Main Marker" [stack: 0x00000006fe500000,0x00000006fe600000] [id=33080]
  0x000001c7e3273b00 ConcurrentGCThread "G1 Conc#0" [stack: 0x00000006fe600000,0x00000006fe700000] [id=50804]
  0x000001c7fd6f37b0 ConcurrentGCThread "G1 Refine#0" [stack: 0x00000006fe700000,0x00000006fe800000] [id=42128]
  0x000001c7fd6f8100 ConcurrentGCThread "G1 Service" [stack: 0x00000006fe800000,0x00000006fe900000] [id=13532]

Threads with active compile tasks:
C2 CompilerThread0     1152 2084       4       jdk.internal.org.objectweb.asm.Frame::execute (2305 bytes)
C2 CompilerThread1     1152 2278   !   4       java.util.zip.Inflater::inflate (418 bytes)
C2 CompilerThread2     1152 2215   !   4       java.net.URL::<init> (543 bytes)

VM state: not at safepoint (normal execution)

VM Mutex/Monitor currently owned by a thread: None

Heap address: 0x000000042d800000, size: 8124 MB, Compressed Oops mode: Zero based, Oop shift amount: 3

CDS archive(s) mapped at: [0x000001c791000000-0x000001c791ba0000-0x000001c791ba0000), size 12189696, SharedBaseAddress: 0x000001c791000000, ArchiveRelocationMode: 1.
Compressed class space mapped at: 0x000001c792000000-0x000001c7d2000000, reserved size: 1073741824
Narrow klass base: 0x000001c791000000, Narrow klass shift: 0, Narrow klass range: 0x100000000

GC Precious Log:
 CPUs: 16 total, 16 available
 Memory: 32493M
 Large Page Support: Disabled
 NUMA Support: Disabled
 Compressed Oops: Enabled (Zero based)
 Heap Region Size: 4M
 Heap Min Capacity: 8M
 Heap Initial Capacity: 508M
 Heap Max Capacity: 8124M
 Pre-touch: Disabled
 Parallel Workers: 13
 Concurrent Workers: 3
 Concurrent Refinement Workers: 13
 Periodic GC: Disabled

Heap:
 garbage-first heap   total 520192K, used 39396K [0x000000042d800000, 0x0000000629400000)
  region size 4096K, 9 young (36864K), 1 survivors (4096K)
 Metaspace       used 15466K, committed 15744K, reserved 1114112K
  class space    used 1808K, committed 1920K, reserved 1048576K

Heap Regions: E=young(eden), S=young(survivor), O=old, HS=humongous(starts), HC=humongous(continues), CS=collection set, F=free, OA=open archive, CA=closed archive, TAMS=top-at-mark-start (previous, next)
|   0|0x000000042d800000, 0x000000042dc00000, 0x000000042dc00000|100%| O|  |TAMS 0x000000042d800000, 0x000000042d800000| Untracked 
|   1|0x000000042dc00000, 0x000000042e000000, 0x000000042e000000|100%| O|  |TAMS 0x000000042dc00000, 0x000000042dc00000| Untracked 
|   2|0x000000042e000000, 0x000000042e18ea00, 0x000000042e400000| 38%| O|  |TAMS 0x000000042e000000, 0x000000042e000000| Untracked 
|   3|0x000000042e400000, 0x000000042e400000, 0x000000042e800000|  0%| F|  |TAMS 0x000000042e400000, 0x000000042e400000| Untracked 
|   4|0x000000042e800000, 0x000000042e800000, 0x000000042ec00000|  0%| F|  |TAMS 0x000000042e800000, 0x000000042e800000| Untracked 
|   5|0x000000042ec00000, 0x000000042ec00000, 0x000000042f000000|  0%| F|  |TAMS 0x000000042ec00000, 0x000000042ec00000| Untracked 
|   6|0x000000042f000000, 0x000000042f000000, 0x000000042f400000|  0%| F|  |TAMS 0x000000042f000000, 0x000000042f000000| Untracked 
|   7|0x000000042f400000, 0x000000042f400000, 0x000000042f800000|  0%| F|  |TAMS 0x000000042f400000, 0x000000042f400000| Untracked 
|   8|0x000000042f800000, 0x000000042f800000, 0x000000042fc00000|  0%| F|  |TAMS 0x000000042f800000, 0x000000042f800000| Untracked 
|   9|0x000000042fc00000, 0x000000042fc00000, 0x0000000430000000|  0%| F|  |TAMS 0x000000042fc00000, 0x000000042fc00000| Untracked 
|  10|0x0000000430000000, 0x0000000430000000, 0x0000000430400000|  0%| F|  |TAMS 0x0000000430000000, 0x0000000430000000| Untracked 
|  11|0x0000000430400000, 0x0000000430400000, 0x0000000430800000|  0%| F|  |TAMS 0x0000000430400000, 0x0000000430400000| Untracked 
|  12|0x0000000430800000, 0x0000000430800000, 0x0000000430c00000|  0%| F|  |TAMS 0x0000000430800000, 0x0000000430800000| Untracked 
|  13|0x0000000430c00000, 0x0000000430c00000, 0x0000000431000000|  0%| F|  |TAMS 0x0000000430c00000, 0x0000000430c00000| Untracked 
|  14|0x0000000431000000, 0x0000000431000000, 0x0000000431400000|  0%| F|  |TAMS 0x0000000431000000, 0x0000000431000000| Untracked 
|  15|0x0000000431400000, 0x0000000431400000, 0x0000000431800000|  0%| F|  |TAMS 0x0000000431400000, 0x0000000431400000| Untracked 
|  16|0x0000000431800000, 0x0000000431800000, 0x0000000431c00000|  0%| F|  |TAMS 0x0000000431800000, 0x0000000431800000| Untracked 
|  17|0x0000000431c00000, 0x0000000431c00000, 0x0000000432000000|  0%| F|  |TAMS 0x0000000431c00000, 0x0000000431c00000| Untracked 
|  18|0x0000000432000000, 0x0000000432000000, 0x0000000432400000|  0%| F|  |TAMS 0x0000000432000000, 0x0000000432000000| Untracked 
|  19|0x0000000432400000, 0x0000000432400000, 0x0000000432800000|  0%| F|  |TAMS 0x0000000432400000, 0x0000000432400000| Untracked 
|  20|0x0000000432800000, 0x0000000432800000, 0x0000000432c00000|  0%| F|  |TAMS 0x0000000432800000, 0x0000000432800000| Untracked 
|  21|0x0000000432c00000, 0x0000000432c00000, 0x0000000433000000|  0%| F|  |TAMS 0x0000000432c00000, 0x0000000432c00000| Untracked 
|  22|0x0000000433000000, 0x0000000433000000, 0x0000000433400000|  0%| F|  |TAMS 0x0000000433000000, 0x0000000433000000| Untracked 
|  23|0x0000000433400000, 0x0000000433400000, 0x0000000433800000|  0%| F|  |TAMS 0x0000000433400000, 0x0000000433400000| Untracked 
|  24|0x0000000433800000, 0x0000000433800000, 0x0000000433c00000|  0%| F|  |TAMS 0x0000000433800000, 0x0000000433800000| Untracked 
|  25|0x0000000433c00000, 0x0000000433c00000, 0x0000000434000000|  0%| F|  |TAMS 0x0000000433c00000, 0x0000000433c00000| Untracked 
|  26|0x0000000434000000, 0x0000000434000000, 0x0000000434400000|  0%| F|  |TAMS 0x0000000434000000, 0x0000000434000000| Untracked 
|  27|0x0000000434400000, 0x0000000434400000, 0x0000000434800000|  0%| F|  |TAMS 0x0000000434400000, 0x0000000434400000| Untracked 
|  28|0x0000000434800000, 0x0000000434800000, 0x0000000434c00000|  0%| F|  |TAMS 0x0000000434800000, 0x0000000434800000| Untracked 
|  29|0x0000000434c00000, 0x0000000434c00000, 0x0000000435000000|  0%| F|  |TAMS 0x0000000434c00000, 0x0000000434c00000| Untracked 
|  30|0x0000000435000000, 0x0000000435000000, 0x0000000435400000|  0%| F|  |TAMS 0x0000000435000000, 0x0000000435000000| Untracked 
|  31|0x0000000435400000, 0x0000000435400000, 0x0000000435800000|  0%| F|  |TAMS 0x0000000435400000, 0x0000000435400000| Untracked 
|  32|0x0000000435800000, 0x0000000435800000, 0x0000000435c00000|  0%| F|  |TAMS 0x0000000435800000, 0x0000000435800000| Untracked 
|  33|0x0000000435c00000, 0x0000000435c00000, 0x0000000436000000|  0%| F|  |TAMS 0x0000000435c00000, 0x0000000435c00000| Untracked 
|  34|0x0000000436000000, 0x0000000436000000, 0x0000000436400000|  0%| F|  |TAMS 0x0000000436000000, 0x0000000436000000| Untracked 
|  35|0x0000000436400000, 0x0000000436400000, 0x0000000436800000|  0%| F|  |TAMS 0x0000000436400000, 0x0000000436400000| Untracked 
|  36|0x0000000436800000, 0x0000000436800000, 0x0000000436c00000|  0%| F|  |TAMS 0x0000000436800000, 0x0000000436800000| Untracked 
|  37|0x0000000436c00000, 0x0000000436c00000, 0x0000000437000000|  0%| F|  |TAMS 0x0000000436c00000, 0x0000000436c00000| Untracked 
|  38|0x0000000437000000, 0x0000000437000000, 0x0000000437400000|  0%| F|  |TAMS 0x0000000437000000, 0x0000000437000000| Untracked 
|  39|0x0000000437400000, 0x0000000437400000, 0x0000000437800000|  0%| F|  |TAMS 0x0000000437400000, 0x0000000437400000| Untracked 
|  40|0x0000000437800000, 0x0000000437800000, 0x0000000437c00000|  0%| F|  |TAMS 0x0000000437800000, 0x0000000437800000| Untracked 
|  41|0x0000000437c00000, 0x0000000437c00000, 0x0000000438000000|  0%| F|  |TAMS 0x0000000437c00000, 0x0000000437c00000| Untracked 
|  42|0x0000000438000000, 0x0000000438000000, 0x0000000438400000|  0%| F|  |TAMS 0x0000000438000000, 0x0000000438000000| Untracked 
|  43|0x0000000438400000, 0x0000000438400000, 0x0000000438800000|  0%| F|  |TAMS 0x0000000438400000, 0x0000000438400000| Untracked 
|  44|0x0000000438800000, 0x0000000438800000, 0x0000000438c00000|  0%| F|  |TAMS 0x0000000438800000, 0x0000000438800000| Untracked 
|  45|0x0000000438c00000, 0x0000000438c00000, 0x0000000439000000|  0%| F|  |TAMS 0x0000000438c00000, 0x0000000438c00000| Untracked 
|  46|0x0000000439000000, 0x0000000439000000, 0x0000000439400000|  0%| F|  |TAMS 0x0000000439000000, 0x0000000439000000| Untracked 
|  47|0x0000000439400000, 0x0000000439400000, 0x0000000439800000|  0%| F|  |TAMS 0x0000000439400000, 0x0000000439400000| Untracked 
|  48|0x0000000439800000, 0x0000000439800000, 0x0000000439c00000|  0%| F|  |TAMS 0x0000000439800000, 0x0000000439800000| Untracked 
|  49|0x0000000439c00000, 0x0000000439c00000, 0x000000043a000000|  0%| F|  |TAMS 0x0000000439c00000, 0x0000000439c00000| Untracked 
|  50|0x000000043a000000, 0x000000043a000000, 0x000000043a400000|  0%| F|  |TAMS 0x000000043a000000, 0x000000043a000000| Untracked 
|  51|0x000000043a400000, 0x000000043a400000, 0x000000043a800000|  0%| F|  |TAMS 0x000000043a400000, 0x000000043a400000| Untracked 
|  52|0x000000043a800000, 0x000000043a800000, 0x000000043ac00000|  0%| F|  |TAMS 0x000000043a800000, 0x000000043a800000| Untracked 
|  53|0x000000043ac00000, 0x000000043ac00000, 0x000000043b000000|  0%| F|  |TAMS 0x000000043ac00000, 0x000000043ac00000| Untracked 
|  54|0x000000043b000000, 0x000000043b000000, 0x000000043b400000|  0%| F|  |TAMS 0x000000043b000000, 0x000000043b000000| Untracked 
|  55|0x000000043b400000, 0x000000043b400000, 0x000000043b800000|  0%| F|  |TAMS 0x000000043b400000, 0x000000043b400000| Untracked 
|  56|0x000000043b800000, 0x000000043b800000, 0x000000043bc00000|  0%| F|  |TAMS 0x000000043b800000, 0x000000043b800000| Untracked 
|  57|0x000000043bc00000, 0x000000043bc00000, 0x000000043c000000|  0%| F|  |TAMS 0x000000043bc00000, 0x000000043bc00000| Untracked 
|  58|0x000000043c000000, 0x000000043c000000, 0x000000043c400000|  0%| F|  |TAMS 0x000000043c000000, 0x000000043c000000| Untracked 
|  59|0x000000043c400000, 0x000000043c400000, 0x000000043c800000|  0%| F|  |TAMS 0x000000043c400000, 0x000000043c400000| Untracked 
|  60|0x000000043c800000, 0x000000043c800000, 0x000000043cc00000|  0%| F|  |TAMS 0x000000043c800000, 0x000000043c800000| Untracked 
|  61|0x000000043cc00000, 0x000000043cc00000, 0x000000043d000000|  0%| F|  |TAMS 0x000000043cc00000, 0x000000043cc00000| Untracked 
|  62|0x000000043d000000, 0x000000043d000000, 0x000000043d400000|  0%| F|  |TAMS 0x000000043d000000, 0x000000043d000000| Untracked 
|  63|0x000000043d400000, 0x000000043d400000, 0x000000043d800000|  0%| F|  |TAMS 0x000000043d400000, 0x000000043d400000| Untracked 
|  64|0x000000043d800000, 0x000000043d800000, 0x000000043dc00000|  0%| F|  |TAMS 0x000000043d800000, 0x000000043d800000| Untracked 
|  65|0x000000043dc00000, 0x000000043dc00000, 0x000000043e000000|  0%| F|  |TAMS 0x000000043dc00000, 0x000000043dc00000| Untracked 
|  66|0x000000043e000000, 0x000000043e000000, 0x000000043e400000|  0%| F|  |TAMS 0x000000043e000000, 0x000000043e000000| Untracked 
|  67|0x000000043e400000, 0x000000043e400000, 0x000000043e800000|  0%| F|  |TAMS 0x000000043e400000, 0x000000043e400000| Untracked 
|  68|0x000000043e800000, 0x000000043e800000, 0x000000043ec00000|  0%| F|  |TAMS 0x000000043e800000, 0x000000043e800000| Untracked 
|  69|0x000000043ec00000, 0x000000043ec00000, 0x000000043f000000|  0%| F|  |TAMS 0x000000043ec00000, 0x000000043ec00000| Untracked 
|  70|0x000000043f000000, 0x000000043f000000, 0x000000043f400000|  0%| F|  |TAMS 0x000000043f000000, 0x000000043f000000| Untracked 
|  71|0x000000043f400000, 0x000000043f400000, 0x000000043f800000|  0%| F|  |TAMS 0x000000043f400000, 0x000000043f400000| Untracked 
|  72|0x000000043f800000, 0x000000043f800000, 0x000000043fc00000|  0%| F|  |TAMS 0x000000043f800000, 0x000000043f800000| Untracked 
|  73|0x000000043fc00000, 0x000000043fc00000, 0x0000000440000000|  0%| F|  |TAMS 0x000000043fc00000, 0x000000043fc00000| Untracked 
|  74|0x0000000440000000, 0x0000000440000000, 0x0000000440400000|  0%| F|  |TAMS 0x0000000440000000, 0x0000000440000000| Untracked 
|  75|0x0000000440400000, 0x0000000440400000, 0x0000000440800000|  0%| F|  |TAMS 0x0000000440400000, 0x0000000440400000| Untracked 
|  76|0x0000000440800000, 0x0000000440800000, 0x0000000440c00000|  0%| F|  |TAMS 0x0000000440800000, 0x0000000440800000| Untracked 
|  77|0x0000000440c00000, 0x0000000440c00000, 0x0000000441000000|  0%| F|  |TAMS 0x0000000440c00000, 0x0000000440c00000| Untracked 
|  78|0x0000000441000000, 0x0000000441000000, 0x0000000441400000|  0%| F|  |TAMS 0x0000000441000000, 0x0000000441000000| Untracked 
|  79|0x0000000441400000, 0x0000000441400000, 0x0000000441800000|  0%| F|  |TAMS 0x0000000441400000, 0x0000000441400000| Untracked 
|  80|0x0000000441800000, 0x0000000441800000, 0x0000000441c00000|  0%| F|  |TAMS 0x0000000441800000, 0x0000000441800000| Untracked 
|  81|0x0000000441c00000, 0x0000000441c00000, 0x0000000442000000|  0%| F|  |TAMS 0x0000000441c00000, 0x0000000441c00000| Untracked 
|  82|0x0000000442000000, 0x0000000442000000, 0x0000000442400000|  0%| F|  |TAMS 0x0000000442000000, 0x0000000442000000| Untracked 
|  83|0x0000000442400000, 0x0000000442400000, 0x0000000442800000|  0%| F|  |TAMS 0x0000000442400000, 0x0000000442400000| Untracked 
|  84|0x0000000442800000, 0x0000000442800000, 0x0000000442c00000|  0%| F|  |TAMS 0x0000000442800000, 0x0000000442800000| Untracked 
|  85|0x0000000442c00000, 0x0000000442c00000, 0x0000000443000000|  0%| F|  |TAMS 0x0000000442c00000, 0x0000000442c00000| Untracked 
|  86|0x0000000443000000, 0x0000000443000000, 0x0000000443400000|  0%| F|  |TAMS 0x0000000443000000, 0x0000000443000000| Untracked 
|  87|0x0000000443400000, 0x0000000443400000, 0x0000000443800000|  0%| F|  |TAMS 0x0000000443400000, 0x0000000443400000| Untracked 
|  88|0x0000000443800000, 0x0000000443800000, 0x0000000443c00000|  0%| F|  |TAMS 0x0000000443800000, 0x0000000443800000| Untracked 
|  89|0x0000000443c00000, 0x0000000443c00000, 0x0000000444000000|  0%| F|  |TAMS 0x0000000443c00000, 0x0000000443c00000| Untracked 
|  90|0x0000000444000000, 0x0000000444000000, 0x0000000444400000|  0%| F|  |TAMS 0x0000000444000000, 0x0000000444000000| Untracked 
|  91|0x0000000444400000, 0x0000000444400000, 0x0000000444800000|  0%| F|  |TAMS 0x0000000444400000, 0x0000000444400000| Untracked 
|  92|0x0000000444800000, 0x0000000444800000, 0x0000000444c00000|  0%| F|  |TAMS 0x0000000444800000, 0x0000000444800000| Untracked 
|  93|0x0000000444c00000, 0x0000000444c00000, 0x0000000445000000|  0%| F|  |TAMS 0x0000000444c00000, 0x0000000444c00000| Untracked 
|  94|0x0000000445000000, 0x0000000445000000, 0x0000000445400000|  0%| F|  |TAMS 0x0000000445000000, 0x0000000445000000| Untracked 
|  95|0x0000000445400000, 0x0000000445400000, 0x0000000445800000|  0%| F|  |TAMS 0x0000000445400000, 0x0000000445400000| Untracked 
|  96|0x0000000445800000, 0x0000000445800000, 0x0000000445c00000|  0%| F|  |TAMS 0x0000000445800000, 0x0000000445800000| Untracked 
|  97|0x0000000445c00000, 0x0000000445c00000, 0x0000000446000000|  0%| F|  |TAMS 0x0000000445c00000, 0x0000000445c00000| Untracked 
|  98|0x0000000446000000, 0x0000000446000000, 0x0000000446400000|  0%| F|  |TAMS 0x0000000446000000, 0x0000000446000000| Untracked 
|  99|0x0000000446400000, 0x0000000446400000, 0x0000000446800000|  0%| F|  |TAMS 0x0000000446400000, 0x0000000446400000| Untracked 
| 100|0x0000000446800000, 0x0000000446800000, 0x0000000446c00000|  0%| F|  |TAMS 0x0000000446800000, 0x0000000446800000| Untracked 
| 101|0x0000000446c00000, 0x0000000446c00000, 0x0000000447000000|  0%| F|  |TAMS 0x0000000446c00000, 0x0000000446c00000| Untracked 
| 102|0x0000000447000000, 0x0000000447000000, 0x0000000447400000|  0%| F|  |TAMS 0x0000000447000000, 0x0000000447000000| Untracked 
| 103|0x0000000447400000, 0x0000000447400000, 0x0000000447800000|  0%| F|  |TAMS 0x0000000447400000, 0x0000000447400000| Untracked 
| 104|0x0000000447800000, 0x0000000447800000, 0x0000000447c00000|  0%| F|  |TAMS 0x0000000447800000, 0x0000000447800000| Untracked 
| 105|0x0000000447c00000, 0x0000000447c00000, 0x0000000448000000|  0%| F|  |TAMS 0x0000000447c00000, 0x0000000447c00000| Untracked 
| 106|0x0000000448000000, 0x0000000448000000, 0x0000000448400000|  0%| F|  |TAMS 0x0000000448000000, 0x0000000448000000| Untracked 
| 107|0x0000000448400000, 0x0000000448400000, 0x0000000448800000|  0%| F|  |TAMS 0x0000000448400000, 0x0000000448400000| Untracked 
| 108|0x0000000448800000, 0x0000000448800000, 0x0000000448c00000|  0%| F|  |TAMS 0x0000000448800000, 0x0000000448800000| Untracked 
| 109|0x0000000448c00000, 0x0000000448c00000, 0x0000000449000000|  0%| F|  |TAMS 0x0000000448c00000, 0x0000000448c00000| Untracked 
| 110|0x0000000449000000, 0x0000000449000000, 0x0000000449400000|  0%| F|  |TAMS 0x0000000449000000, 0x0000000449000000| Untracked 
| 111|0x0000000449400000, 0x0000000449400000, 0x0000000449800000|  0%| F|  |TAMS 0x0000000449400000, 0x0000000449400000| Untracked 
| 112|0x0000000449800000, 0x0000000449800000, 0x0000000449c00000|  0%| F|  |TAMS 0x0000000449800000, 0x0000000449800000| Untracked 
| 113|0x0000000449c00000, 0x0000000449c00000, 0x000000044a000000|  0%| F|  |TAMS 0x0000000449c00000, 0x0000000449c00000| Untracked 
| 114|0x000000044a000000, 0x000000044a000000, 0x000000044a400000|  0%| F|  |TAMS 0x000000044a000000, 0x000000044a000000| Untracked 
| 115|0x000000044a400000, 0x000000044a400000, 0x000000044a800000|  0%| F|  |TAMS 0x000000044a400000, 0x000000044a400000| Untracked 
| 116|0x000000044a800000, 0x000000044a800000, 0x000000044ac00000|  0%| F|  |TAMS 0x000000044a800000, 0x000000044a800000| Untracked 
| 117|0x000000044ac00000, 0x000000044ac00000, 0x000000044b000000|  0%| F|  |TAMS 0x000000044ac00000, 0x000000044ac00000| Untracked 
| 118|0x000000044b000000, 0x000000044b110138, 0x000000044b400000| 26%| E|  |TAMS 0x000000044b000000, 0x000000044b000000| Complete 
| 119|0x000000044b400000, 0x000000044b800000, 0x000000044b800000|100%| E|CS|TAMS 0x000000044b400000, 0x000000044b400000| Complete 
| 120|0x000000044b800000, 0x000000044bc00000, 0x000000044bc00000|100%| E|CS|TAMS 0x000000044b800000, 0x000000044b800000| Complete 
| 121|0x000000044bc00000, 0x000000044bcea8f0, 0x000000044c000000| 22%| S|CS|TAMS 0x000000044bc00000, 0x000000044bc00000| Complete 
| 122|0x000000044c000000, 0x000000044c400000, 0x000000044c400000|100%| E|CS|TAMS 0x000000044c000000, 0x000000044c000000| Complete 
| 123|0x000000044c400000, 0x000000044c800000, 0x000000044c800000|100%| E|CS|TAMS 0x000000044c400000, 0x000000044c400000| Complete 
| 124|0x000000044c800000, 0x000000044cc00000, 0x000000044cc00000|100%| E|CS|TAMS 0x000000044c800000, 0x000000044c800000| Complete 
| 125|0x000000044cc00000, 0x000000044d000000, 0x000000044d000000|100%| E|CS|TAMS 0x000000044cc00000, 0x000000044cc00000| Complete 
| 126|0x000000044d000000, 0x000000044d400000, 0x000000044d400000|100%| E|CS|TAMS 0x000000044d000000, 0x000000044d000000| Complete 

Card table byte_map: [0x000001c7fb540000,0x000001c7fc520000] _byte_map_base: 0x000001c7f93d4000

Marking Bits (Prev, Next): (CMBitMap*) 0x000001c7e3262ad0, (CMBitMap*) 0x000001c7e3262b10
 Prev Bits: [0x000001c780000000, 0x000001c787ef0000)
 Next Bits: [0x000001c787ef0000, 0x000001c78fde0000)

Polling page: 0x000001c7e2980000

Metaspace:

Usage:
  Non-class:     13.41 MB used.
      Class:      1.77 MB used.
       Both:     15.19 MB used.

Virtual space:
  Non-class space:       64.00 MB reserved,      13.56 MB ( 21%) committed,  1 nodes.
      Class space:        1.00 GB reserved,       1.94 MB ( <1%) committed,  1 nodes.
             Both:        1.06 GB reserved,      15.50 MB (  1%) committed. 

Chunk freelists:
   Non-Class:  2.06 MB
       Class:  14.11 MB
        Both:  16.17 MB

MaxMetaspaceSize: unlimited
CompressedClassSpaceSize: 1.00 GB
Initial GC threshold: 21.00 MB
Current GC threshold: 21.00 MB
CDS: on
MetaspaceReclaimPolicy: balanced
 - commit_granule_bytes: 65536.
 - commit_granule_words: 8192.
 - virtual_space_node_default_size: 8388608.
 - enlarge_chunks_in_place: 1.
 - new_chunks_are_fully_committed: 0.
 - uncommit_free_chunks: 1.
 - use_allocation_guard: 0.
 - handle_deallocations: 1.


Internal statistics:

num_allocs_failed_limit: 0.
num_arena_births: 338.
num_arena_deaths: 0.
num_vsnodes_births: 2.
num_vsnodes_deaths: 0.
num_space_committed: 248.
num_space_uncommitted: 0.
num_chunks_returned_to_freelist: 0.
num_chunks_taken_from_freelist: 726.
num_chunk_merges: 0.
num_chunk_splits: 475.
num_chunks_enlarged: 343.
num_inconsistent_stats: 0.

CodeHeap 'non-profiled nmethods': size=119168Kb used=993Kb max_used=993Kb free=118174Kb
 bounds [0x000001c7f2870000, 0x000001c7f2ae0000, 0x000001c7f9cd0000]
CodeHeap 'profiled nmethods': size=119104Kb used=4614Kb max_used=4614Kb free=114489Kb
 bounds [0x000001c7eacd0000, 0x000001c7eb160000, 0x000001c7f2120000]
CodeHeap 'non-nmethods': size=7488Kb used=2934Kb max_used=2974Kb free=4553Kb
 bounds [0x000001c7f2120000, 0x000001c7f2410000, 0x000001c7f2870000]
 total_blobs=2732 nmethods=2272 adapters=369
 compilation: enabled
              stopped_count=0, restarted_count=0
 full_count=0

Compilation events (20 events):
Event: 1.114 Thread 0x000001c7904e3a80 nmethod 2260 0x000001c7eb147810 code [0x000001c7eb147a00, 0x000001c7eb147e38]
Event: 1.114 Thread 0x000001c7907192b0 2263       3       java.time.Instant::<init> (15 bytes)
Event: 1.114 Thread 0x000001c790731690 2264       3       java.time.Instant::ofEpochSecond (31 bytes)
Event: 1.114 Thread 0x000001c7904e3a80 2265       3       java.time.Instant::create (49 bytes)
Event: 1.114 Thread 0x000001c7907192b0 nmethod 2263 0x000001c7eb147f90 code [0x000001c7eb148120, 0x000001c7eb148298]
Event: 1.114 Thread 0x000001c790731690 nmethod 2264 0x000001c7eb148390 code [0x000001c7eb148560, 0x000001c7eb148738]
Event: 1.114 Thread 0x000001c79071a5a0 nmethod 2259 0x000001c7eb148890 code [0x000001c7eb148ae0, 0x000001c7eb149458]
Event: 1.114 Thread 0x000001c7904e3a80 nmethod 2265 0x000001c7eb149790 code [0x000001c7eb149960, 0x000001c7eb149d68]
Event: 1.115 Thread 0x000001c79071a5a0 2267   !   3       java.lang.Class::getEnumConstantsShared (71 bytes)
Event: 1.116 Thread 0x000001c79071a5a0 nmethod 2267 0x000001c7eb149f10 code [0x000001c7eb14a240, 0x000001c7eb14b6d8]
Event: 1.132 Thread 0x000001c7907192b0 2268       3       java.util.Collection::stream (11 bytes)
Event: 1.132 Thread 0x000001c7907192b0 nmethod 2268 0x000001c7eb14c010 code [0x000001c7eb14c1c0, 0x000001c7eb14c3b8]
Event: 1.133 Thread 0x000001c79071a5a0 2269       3       ch.qos.logback.classic.Logger::getChildByName (68 bytes)
Event: 1.134 Thread 0x000001c79071a5a0 nmethod 2269 0x000001c7eb14c490 code [0x000001c7eb14c680, 0x000001c7eb14cc48]
Event: 1.135 Thread 0x000001c79071a5a0 2270   !   3       java.util.concurrent.ConcurrentHashMap::putVal (432 bytes)
Event: 1.136 Thread 0x000001c790731690 2271       3       java.util.zip.ZipFile$ZipEntryIterator::hasNext (17 bytes)
Event: 1.136 Thread 0x000001c790731690 nmethod 2271 0x000001c7eb14ce90 code [0x000001c7eb14d020, 0x000001c7eb14d198]
Event: 1.137 Thread 0x000001c79071a5a0 nmethod 2270 0x000001c7eb14d210 code [0x000001c7eb14d5a0, 0x000001c7eb14f2e8]
Event: 1.137 Thread 0x000001c79071a5a0 2272       3       java.lang.System$2::getEnumConstantsShared (8 bytes)
Event: 1.137 Thread 0x000001c79071a5a0 nmethod 2272 0x000001c7eb14fe10 code [0x000001c7eb14ffc0, 0x000001c7eb150208]

GC Heap History (4 events):
Event: 0.494 GC heap before
{Heap before GC invocations=0 (full 0):
 garbage-first heap   total 520192K, used 20480K [0x000000042d800000, 0x0000000629400000)
  region size 4096K, 6 young (24576K), 0 survivors (0K)
 Metaspace       used 5396K, committed 5568K, reserved 1114112K
  class space    used 472K, committed 576K, reserved 1048576K
}
Event: 0.497 GC heap after
{Heap after GC invocations=1 (full 0):
 garbage-first heap   total 520192K, used 9753K [0x000000042d800000, 0x0000000629400000)
  region size 4096K, 1 young (4096K), 1 survivors (4096K)
 Metaspace       used 5396K, committed 5568K, reserved 1114112K
  class space    used 472K, committed 576K, reserved 1048576K
}
Event: 0.772 GC heap before
{Heap before GC invocations=1 (full 0):
 garbage-first heap   total 520192K, used 30233K [0x000000042d800000, 0x0000000629400000)
  region size 4096K, 6 young (24576K), 1 survivors (4096K)
 Metaspace       used 9425K, committed 9536K, reserved 1114112K
  class space    used 957K, committed 1024K, reserved 1048576K
}
Event: 0.774 GC heap after
{Heap after GC invocations=2 (full 0):
 garbage-first heap   total 520192K, used 10724K [0x000000042d800000, 0x0000000629400000)
  region size 4096K, 1 young (4096K), 1 survivors (4096K)
 Metaspace       used 9425K, committed 9536K, reserved 1114112K
  class space    used 957K, committed 1024K, reserved 1048576K
}

Dll operation events (11 events):
Event: 0.013 Loaded shared library C:\Users\cquiroz\.jdks\corretto-17.0.9\bin\java.dll
Event: 0.014 Loaded shared library C:\Users\cquiroz\.jdks\corretto-17.0.9\bin\zip.dll
Event: 0.030 Loaded shared library C:\Users\cquiroz\.jdks\corretto-17.0.9\bin\jsvml.dll
Event: 0.161 Loaded shared library C:\Users\cquiroz\.jdks\corretto-17.0.9\bin\instrument.dll
Event: 0.207 Loaded shared library C:\Users\cquiroz\.jdks\corretto-17.0.9\bin\net.dll
Event: 0.209 Loaded shared library C:\Users\cquiroz\.jdks\corretto-17.0.9\bin\nio.dll
Event: 0.216 Loaded shared library C:\Users\cquiroz\.jdks\corretto-17.0.9\bin\zip.dll
Event: 0.324 Loaded shared library C:\Users\cquiroz\.jdks\corretto-17.0.9\bin\verify.dll
Event: 0.333 Loaded shared library C:\Users\cquiroz\.jdks\corretto-17.0.9\bin\jimage.dll
Event: 0.594 Loaded shared library C:\Users\cquiroz\.jdks\corretto-17.0.9\bin\management.dll
Event: 0.599 Loaded shared library C:\Users\cquiroz\.jdks\corretto-17.0.9\bin\management_ext.dll

Deoptimization events (20 events):
Event: 1.133 Thread 0x000001c7d7ced260 DEOPT PACKING pc=0x000001c7eaf7dbcc sp=0x0000000680dfe570
Event: 1.133 Thread 0x000001c7d7ced260 DEOPT UNPACKING pc=0x000001c7f217ace3 sp=0x0000000680dfda60 mode 1
Event: 1.133 Thread 0x000001c7d7ced260 DEOPT PACKING pc=0x000001c7eae71a84 sp=0x0000000680dfdac0
Event: 1.133 Thread 0x000001c7d7ced260 DEOPT UNPACKING pc=0x000001c7f217ace3 sp=0x0000000680dfcf58 mode 1
Event: 1.133 Thread 0x000001c7d7ced260 DEOPT PACKING pc=0x000001c7eae7035c sp=0x0000000680dfdb90
Event: 1.133 Thread 0x000001c7d7ced260 DEOPT UNPACKING pc=0x000001c7f217ace3 sp=0x0000000680dfd048 mode 1
Event: 1.133 Thread 0x000001c7d7ced260 DEOPT PACKING pc=0x000001c7eaf7dbcc sp=0x0000000680dfe570
Event: 1.133 Thread 0x000001c7d7ced260 DEOPT UNPACKING pc=0x000001c7f217ace3 sp=0x0000000680dfda60 mode 1
Event: 1.134 Thread 0x000001c7d7ced260 DEOPT PACKING pc=0x000001c7eae71a84 sp=0x0000000680dfd5c0
Event: 1.134 Thread 0x000001c7d7ced260 DEOPT UNPACKING pc=0x000001c7f217ace3 sp=0x0000000680dfca58 mode 1
Event: 1.134 Thread 0x000001c7d7ced260 DEOPT PACKING pc=0x000001c7eae7035c sp=0x0000000680dfd690
Event: 1.134 Thread 0x000001c7d7ced260 DEOPT UNPACKING pc=0x000001c7f217ace3 sp=0x0000000680dfcb48 mode 1
Event: 1.134 Thread 0x000001c7d7ced260 DEOPT PACKING pc=0x000001c7eaf7dbcc sp=0x0000000680dfe070
Event: 1.134 Thread 0x000001c7d7ced260 DEOPT UNPACKING pc=0x000001c7f217ace3 sp=0x0000000680dfd560 mode 1
Event: 1.135 Thread 0x000001c7d7ced260 DEOPT PACKING pc=0x000001c7eae71a84 sp=0x0000000680dfd5c0
Event: 1.135 Thread 0x000001c7d7ced260 DEOPT UNPACKING pc=0x000001c7f217ace3 sp=0x0000000680dfca58 mode 1
Event: 1.135 Thread 0x000001c7d7ced260 DEOPT PACKING pc=0x000001c7eae7035c sp=0x0000000680dfd690
Event: 1.135 Thread 0x000001c7d7ced260 DEOPT UNPACKING pc=0x000001c7f217ace3 sp=0x0000000680dfcb48 mode 1
Event: 1.135 Thread 0x000001c7d7ced260 DEOPT PACKING pc=0x000001c7eaf7dbcc sp=0x0000000680dfe070
Event: 1.135 Thread 0x000001c7d7ced260 DEOPT UNPACKING pc=0x000001c7f217ace3 sp=0x0000000680dfd560 mode 1

Classes unloaded (0 events):
No events

Classes redefined (1 events):
Event: 0.182 Thread 0x000001c7fd7bd630 redefined class name=java.lang.Throwable, count=1

Internal exceptions (20 events):
Event: 0.955 Thread 0x000001c7d7af7ca0 Exception <a 'java/lang/NoSuchMethodError'{0x000000044c66d3f0}: 'int java.lang.invoke.DirectMethodHandle$Holder.invokeStaticInit(java.lang.Object, float, float)'> (0x000000044c66d3f0) 
thrown [s\src\hotspot\share\interpreter\linkResolver.cpp, line 759]
Event: 0.956 Thread 0x000001c7d7af7ca0 Exception <a 'java/lang/NoSuchMethodError'{0x000000044c674510}: 'int java.lang.invoke.DirectMethodHandle$Holder.invokeStaticInit(java.lang.Object, double, double)'> (0x000000044c674510) 
thrown [s\src\hotspot\share\interpreter\linkResolver.cpp, line 759]
Event: 0.956 Thread 0x000001c7d7af7ca0 Exception <a 'java/lang/NoSuchMethodError'{0x000000044c678da8}: 'int java.lang.invoke.DirectMethodHandle$Holder.invokeStatic(java.lang.Object, long)'> (0x000000044c678da8) 
thrown [s\src\hotspot\share\interpreter\linkResolver.cpp, line 759]
Event: 0.958 Thread 0x000001c7d7af7ca0 Exception <a 'java/lang/NoSuchMethodError'{0x000000044c69db30}: 'int java.lang.invoke.Invokers$Holder.linkToTargetMethod(java.lang.Object, java.lang.Object)'> (0x000000044c69db30) 
thrown [s\src\hotspot\share\interpreter\linkResolver.cpp, line 759]
Event: 0.968 Thread 0x000001c7d7af7ca0 Exception <a 'java/lang/NoSuchMethodError'{0x000000044c73d400}: 'java.lang.Object java.lang.invoke.DirectMethodHandle$Holder.invokeSpecial(java.lang.Object, java.lang.Object, java.lang.Object, int, java.lang.Object)'> (0x000000044c73d400) 
thrown [s\src\hotspot\share\interpreter\linkResolver.cpp, line 759]
Event: 0.969 Thread 0x000001c7d7af7ca0 Exception <a 'java/lang/NoSuchMethodError'{0x000000044c745988}: 'java.lang.Object java.lang.invoke.DirectMethodHandle$Holder.newInvokeSpecial(java.lang.Object, java.lang.Object, java.lang.Object, int, java.lang.Object)'> (0x000000044c745988) 
thrown [s\src\hotspot\share\interpreter\linkResolver.cpp, line 759]
Event: 0.969 Thread 0x000001c7d7af7ca0 Exception <a 'java/lang/NoSuchMethodError'{0x000000044c74d378}: 'java.lang.Object java.lang.invoke.Invokers$Holder.linkToTargetMethod(java.lang.Object, java.lang.Object, int, java.lang.Object, java.lang.Object)'> (0x000000044c74d378) 
thrown [s\src\hotspot\share\interpreter\linkResolver.cpp, line 759]
Event: 0.970 Thread 0x000001c7d7af7ca0 Exception <a 'java/lang/NoSuchMethodError'{0x000000044c75ee78}: 'java.lang.Object java.lang.invoke.DirectMethodHandle$Holder.newInvokeSpecial(java.lang.Object, int, java.lang.Object)'> (0x000000044c75ee78) 
thrown [s\src\hotspot\share\interpreter\linkResolver.cpp, line 759]
Event: 0.970 Thread 0x000001c7d7af7ca0 Exception <a 'java/lang/NoSuchMethodError'{0x000000044c763968}: 'int java.lang.invoke.DirectMethodHandle$Holder.invokeSpecialIFC(java.lang.Object, java.lang.Object, java.lang.Object, java.lang.Object)'> (0x000000044c763968) 
thrown [s\src\hotspot\share\interpreter\linkResolver.cpp, line 759]
Event: 0.982 Thread 0x000001c7d7af7ca0 Exception <a 'java/lang/NoSuchMethodError'{0x000000044c013658}: 'void java.lang.invoke.DirectMethodHandle$Holder.invokeInterface(java.lang.Object, java.lang.Object, java.lang.Object)'> (0x000000044c013658) 
thrown [s\src\hotspot\share\interpreter\linkResolver.cpp, line 759]
Event: 1.003 Thread 0x000001c7d7af7ca0 Exception <a 'java/lang/NoSuchMethodError'{0x000000044c0dc5a0}: 'void java.lang.invoke.DirectMethodHandle$Holder.invokeStaticInit(java.lang.Object, java.lang.Object, java.lang.Object)'> (0x000000044c0dc5a0) 
thrown [s\src\hotspot\share\interpreter\linkResolver.cpp, line 759]
Event: 1.017 Thread 0x000001c7d7af7ca0 Exception <a 'java/lang/NoSuchMethodError'{0x000000044c1cfd18}: 'java.lang.Object java.lang.invoke.DirectMethodHandle$Holder.newInvokeSpecial(java.lang.Object, long)'> (0x000000044c1cfd18) 
thrown [s\src\hotspot\share\interpreter\linkResolver.cpp, line 759]
Event: 1.017 Thread 0x000001c7d7af7ca0 Exception <a 'java/lang/NoSuchMethodError'{0x000000044c1d75d0}: 'void java.lang.invoke.DirectMethodHandle$Holder.invokeVirtual(java.lang.Object, java.lang.Object, java.lang.Object, java.lang.Object)'> (0x000000044c1d75d0) 
thrown [s\src\hotspot\share\interpreter\linkResolver.cpp, line 759]
Event: 1.031 Thread 0x000001c7d7af7ca0 Exception <a 'java/lang/NoSuchMethodError'{0x000000044c2a5a98}: 'java.lang.Object java.lang.invoke.DirectMethodHandle$Holder.invokeSpecial(java.lang.Object, java.lang.Object, long, java.lang.Object, java.lang.Object, java.lang.Object, java.lang.Object, java.lang.Object, java.lang.Object)'> (0x000000044c2a5a98) 
thrown [s\src\hotspot\share\interpreter\linkResolver.cpp, line 759]
Event: 1.031 Thread 0x000001c7d7af7ca0 Exception <a 'java/lang/NoSuchMethodError'{0x000000044c2aa338}: 'java.lang.Object java.lang.invoke.DelegatingMethodHandle$Holder.reinvoke_L(java.lang.Object, long, java.lang.Object, java.lang.Object, java.lang.Object, java.lang.Object, java.lang.Object, java.lang.Object)'> (0x000000044c2aa338) 
thrown [s\src\hotspot\share\interpreter\linkResolver.cpp, line 759]
Event: 1.078 Thread 0x000001c7d7af7ca0 Exception <a 'java/lang/NoSuchMethodError'{0x000000044b925138}: 'java.lang.Object java.lang.invoke.DirectMethodHandle$Holder.invokeVirtual(java.lang.Object, java.lang.Object, java.lang.Object)'> (0x000000044b925138) 
thrown [s\src\hotspot\share\interpreter\linkResolver.cpp, line 759]
Event: 1.102 Thread 0x000001c7d7af7ca0 Exception <a 'java/lang/NoSuchMethodError'{0x000000044ba6c6f0}: 'java.lang.Object java.lang.invoke.DirectMethodHandle$Holder.invokeSpecial(java.lang.Object, java.lang.Object, java.lang.Object, java.lang.Object, java.lang.Object, java.lang.Object, java.lang.Object, java.lang.Object, java.lang.Object)'> (0x000000044ba6c6f0) 
thrown [s\src\hotspot\share\interpreter\linkResolver.cpp, line 759]
Event: 1.102 Thread 0x000001c7d7af7ca0 Exception <a 'java/lang/NoSuchMethodError'{0x000000044ba71038}: 'java.lang.Object java.lang.invoke.Invokers$Holder.invoke_MT(java.lang.Object, java.lang.Object, java.lang.Object, java.lang.Object, java.lang.Object, java.lang.Object, java.lang.Object, java.lang.Object, java.lang.Object)'> (0x000000044ba71038) 
thrown [s\src\hotspot\share\interpreter\linkResolver.cpp, line 759]
Event: 1.116 Thread 0x000001c7d7af7ca0 Exception <a 'java/lang/IncompatibleClassChangeError'{0x000000044b40e458}: Found class java.lang.Object, but interface was expected> (0x000000044b40e458) 
thrown [s\src\hotspot\share\interpreter\linkResolver.cpp, line 826]
Event: 1.125 Thread 0x000001c7d7ced260 Exception <a 'java/lang/NoSuchMethodError'{0x000000044b4f34b8}: 'java.lang.Object java.lang.invoke.Invokers$Holder.invoke_MT(java.lang.Object, java.lang.Object, java.lang.Object)'> (0x000000044b4f34b8) 
thrown [s\src\hotspot\share\interpreter\linkResolver.cpp, line 759]

VM Operations (20 events):
Event: 0.480 Executing VM operation: HandshakeAllThreads
Event: 0.480 Executing VM operation: HandshakeAllThreads done
Event: 0.494 Executing VM operation: G1CollectForAllocation
Event: 0.497 Executing VM operation: G1CollectForAllocation done
Event: 0.734 Executing VM operation: HandshakeAllThreads
Event: 0.734 Executing VM operation: HandshakeAllThreads done
Event: 0.772 Executing VM operation: G1CollectForAllocation
Event: 0.774 Executing VM operation: G1CollectForAllocation done
Event: 0.939 Executing VM operation: HandshakeAllThreads
Event: 0.939 Executing VM operation: HandshakeAllThreads done
Event: 0.943 Executing VM operation: HandshakeAllThreads
Event: 0.943 Executing VM operation: HandshakeAllThreads done
Event: 0.950 Executing VM operation: HandshakeAllThreads
Event: 0.950 Executing VM operation: HandshakeAllThreads done
Event: 0.983 Executing VM operation: ICBufferFull
Event: 0.984 Executing VM operation: ICBufferFull done
Event: 1.073 Executing VM operation: HandshakeAllThreads
Event: 1.073 Executing VM operation: HandshakeAllThreads done
Event: 1.074 Executing VM operation: HandshakeAllThreads
Event: 1.074 Executing VM operation: HandshakeAllThreads done

Events (20 events):
Event: 1.134 loading class org/hibernate/validator/internal/util/logging/Log_$logger_es
Event: 1.134 loading class org/hibernate/validator/internal/util/logging/Log_$logger_es done
Event: 1.135 loading class org/springframework/beans/factory/support/DefaultSingletonBeanRegistry
Event: 1.135 loading class org/springframework/beans/factory/support/DefaultSingletonBeanRegistry done
Event: 1.135 loading class org/springframework/core/SimpleAliasRegistry
Event: 1.135 loading class org/springframework/core/SimpleAliasRegistry done
Event: 1.136 loading class org/hibernate/validator/internal/xml/config/BootstrapConfigurationImpl
Event: 1.136 loading class org/hibernate/validator/internal/xml/config/BootstrapConfigurationImpl done
Event: 1.136 loading class jakarta/validation/BootstrapConfiguration
Event: 1.136 loading class jakarta/validation/BootstrapConfiguration done
Event: 1.136 loading class jakarta/validation/executable/ExecutableType
Event: 1.136 loading class jakarta/validation/executable/ExecutableType done
Event: 1.136 loading class org/springframework/beans/factory/BeanCurrentlyInCreationException
Event: 1.136 loading class org/springframework/beans/factory/BeanCurrentlyInCreationException done
Event: 1.137 loading class org/springframework/beans/factory/BeanCreationException
Event: 1.137 loading class org/springframework/beans/factory/BeanCreationException done
Event: 1.137 loading class org/hibernate/validator/internal/engine/resolver/TraversableResolvers
Event: 1.137 loading class org/hibernate/validator/internal/engine/resolver/TraversableResolvers done
Event: 1.137 loading class org/springframework/beans/factory/BeanCreationNotAllowedException
Event: 1.137 loading class org/springframework/beans/factory/BeanCreationNotAllowedException done


Dynamic libraries:
0x00007ff7d8890000 - 0x00007ff7d889e000 	C:\Users\cquiroz\.jdks\corretto-17.0.9\bin\java.exe
0x00007fff5d4f0000 - 0x00007fff5d708000 	C:\WINDOWS\SYSTEM32\ntdll.dll
0x00007fff5d1f0000 - 0x00007fff5d2b4000 	C:\WINDOWS\System32\KERNEL32.DLL
0x00007fff5ce10000 - 0x00007fff5d1e3000 	C:\WINDOWS\System32\KERNELBASE.dll
0x00007fff5a780000 - 0x00007fff5a891000 	C:\WINDOWS\System32\ucrtbase.dll
0x00007ffe99e20000 - 0x00007ffe99e3b000 	C:\Users\cquiroz\.jdks\corretto-17.0.9\bin\VCRUNTIME140.dll
0x00007ffe99e00000 - 0x00007ffe99e17000 	C:\Users\cquiroz\.jdks\corretto-17.0.9\bin\jli.dll
0x00007fff5d2c0000 - 0x00007fff5d472000 	C:\WINDOWS\System32\USER32.dll
0x00007fff5a750000 - 0x00007fff5a776000 	C:\WINDOWS\System32\win32u.dll
0x00007fff4fec0000 - 0x00007fff5015c000 	C:\WINDOWS\WinSxS\amd64_microsoft.windows.common-controls_6595b64144ccf1df_6.0.22621.6060_none_2712eda17382d24b\COMCTL32.dll
0x00007fff5abf0000 - 0x00007fff5ac19000 	C:\WINDOWS\System32\GDI32.dll
0x00007fff5b290000 - 0x00007fff5b337000 	C:\WINDOWS\System32\msvcrt.dll
0x00007fff5aa10000 - 0x00007fff5ab2b000 	C:\WINDOWS\System32\gdi32full.dll
0x00007fff5a580000 - 0x00007fff5a61a000 	C:\WINDOWS\System32\msvcp_win.dll
0x00007fff5b690000 - 0x00007fff5b6c1000 	C:\WINDOWS\System32\IMM32.DLL
0x00007ffe99df0000 - 0x00007ffe99dfc000 	C:\Users\cquiroz\.jdks\corretto-17.0.9\bin\vcruntime140_1.dll
0x00007ffe99d60000 - 0x00007ffe99ded000 	C:\Users\cquiroz\.jdks\corretto-17.0.9\bin\msvcp140.dll
0x00007ffe93a60000 - 0x00007ffe946c1000 	C:\Users\cquiroz\.jdks\corretto-17.0.9\bin\server\jvm.dll
0x00007fff5b3e0000 - 0x00007fff5b491000 	C:\WINDOWS\System32\ADVAPI32.dll
0x00007fff5b5e0000 - 0x00007fff5b688000 	C:\WINDOWS\System32\sechost.dll
0x00007fff5a720000 - 0x00007fff5a748000 	C:\WINDOWS\System32\bcrypt.dll
0x00007fff5ccf0000 - 0x00007fff5ce08000 	C:\WINDOWS\System32\RPCRT4.dll
0x00007fff59460000 - 0x00007fff594ad000 	C:\WINDOWS\SYSTEM32\POWRPROF.dll
0x00007fff514a0000 - 0x00007fff514a9000 	C:\WINDOWS\SYSTEM32\WSOCK32.dll
0x00007fff55910000 - 0x00007fff5591a000 	C:\WINDOWS\SYSTEM32\VERSION.dll
0x00007fff50360000 - 0x00007fff50394000 	C:\WINDOWS\SYSTEM32\WINMM.dll
0x00007fff5b4b0000 - 0x00007fff5b521000 	C:\WINDOWS\System32\WS2_32.dll
0x00007fff59400000 - 0x00007fff59413000 	C:\WINDOWS\SYSTEM32\UMPDC.dll
0x00007fff59510000 - 0x00007fff59528000 	C:\WINDOWS\SYSTEM32\kernel.appcore.dll
0x00007ffe9a190000 - 0x00007ffe9a19a000 	C:\Users\cquiroz\.jdks\corretto-17.0.9\bin\jimage.dll
0x00007fff50a20000 - 0x00007fff50c53000 	C:\WINDOWS\SYSTEM32\DBGHELP.DLL
0x00007fff5b880000 - 0x00007fff5bc11000 	C:\WINDOWS\System32\combase.dll
0x00007fff5bd20000 - 0x00007fff5bdf8000 	C:\WINDOWS\System32\OLEAUT32.dll
0x00007fff502a0000 - 0x00007fff502d2000 	C:\WINDOWS\SYSTEM32\dbgcore.DLL
0x00007fff5a6a0000 - 0x00007fff5a71b000 	C:\WINDOWS\System32\bcryptPrimitives.dll
0x00007ffe99fd0000 - 0x00007ffe9a00b000 	C:\Users\cquiroz\.jdks\corretto-17.0.9\bin\jdwp.dll
0x00007ffe99fc0000 - 0x00007ffe99fce000 	C:\Users\cquiroz\.jdks\corretto-17.0.9\bin\instrument.dll
0x00007ffe9a1a0000 - 0x00007ffe9a1c5000 	C:\Users\cquiroz\.jdks\corretto-17.0.9\bin\java.dll
0x00007ffe9a050000 - 0x00007ffe9a068000 	C:\Users\cquiroz\.jdks\corretto-17.0.9\bin\zip.dll
0x00007ffe9a0b0000 - 0x00007ffe9a187000 	C:\Users\cquiroz\.jdks\corretto-17.0.9\bin\jsvml.dll
0x00007fff5be00000 - 0x00007fff5c69c000 	C:\WINDOWS\System32\SHELL32.dll
0x00007fff5a440000 - 0x00007fff5a57f000 	C:\WINDOWS\System32\wintypes.dll
0x00007fff581c0000 - 0x00007fff58ada000 	C:\WINDOWS\SYSTEM32\windows.storage.dll
0x00007fff5ace0000 - 0x00007fff5ade4000 	C:\WINDOWS\System32\SHCORE.dll
0x00007fff5b220000 - 0x00007fff5b289000 	C:\WINDOWS\System32\shlwapi.dll
0x00007fff5a370000 - 0x00007fff5a395000 	C:\WINDOWS\SYSTEM32\profapi.dll
0x00007ffe99fb0000 - 0x00007ffe99fbc000 	C:\Users\cquiroz\.jdks\corretto-17.0.9\bin\dt_socket.dll
0x00007fff58ce0000 - 0x00007fff58d0d000 	C:\WINDOWS\SYSTEM32\IPHLPAPI.DLL
0x00007fff599f0000 - 0x00007fff59a59000 	C:\WINDOWS\system32\mswsock.dll
0x00007ffe9a090000 - 0x00007ffe9a0a9000 	C:\Users\cquiroz\.jdks\corretto-17.0.9\bin\net.dll
0x00007fff55920000 - 0x00007fff55a4c000 	C:\WINDOWS\SYSTEM32\WINHTTP.dll
0x00007ffe9a070000 - 0x00007ffe9a086000 	C:\Users\cquiroz\.jdks\corretto-17.0.9\bin\nio.dll
0x00007ffe964d0000 - 0x00007ffe964e0000 	C:\Users\cquiroz\.jdks\corretto-17.0.9\bin\verify.dll
0x00007ffe9a030000 - 0x00007ffe9a039000 	C:\Users\cquiroz\.jdks\corretto-17.0.9\bin\management.dll
0x00007ffe9a020000 - 0x00007ffe9a02b000 	C:\Users\cquiroz\.jdks\corretto-17.0.9\bin\management_ext.dll
0x00007fff5bc20000 - 0x00007fff5bc28000 	C:\WINDOWS\System32\PSAPI.DLL

dbghelp: loaded successfully - version: 4.0.5 - missing functions: none
symbol engine: initialized successfully - sym options: 0x614 - pdb path: .;C:\Users\cquiroz\.jdks\corretto-17.0.9\bin;C:\WINDOWS\SYSTEM32;C:\WINDOWS\WinSxS\amd64_microsoft.windows.common-controls_6595b64144ccf1df_6.0.22621.6060_none_2712eda17382d24b;C:\Users\cquiroz\.jdks\corretto-17.0.9\bin\server

VM Arguments:
jvm_args: -agentlib:jdwp=transport=dt_socket,address=127.0.0.1:57896,suspend=y,server=n -javaagent:C:\Users\cquiroz\AppData\Local\JetBrains\IdeaIC2025.2\captureAgent\debugger-agent.jar=file:///C:/Users/cquiroz/AppData/Local/Temp/capture15758126492585220229.props -Dkotlinx.coroutines.debug.enable.creation.stack.trace=false -Ddebugger.agent.enable.coroutines=true -Dkotlinx.coroutines.debug.enable.flows.stack.trace=true -Dkotlinx.coroutines.debug.enable.mutable.state.flows.stack.trace=true -Dfile.encoding=UTF-8 
java_command: com.ceqb.SistemaVentaDispositivos2025.SistemaVentaDispositivos2025Application
java_class_path (initial): D:\SistemaVentaDispositivos2025\target\classes;C:\Users\cquiroz\.m2\repository\org\springframework\boot\spring-boot-starter-websocket\3.5.4\spring-boot-starter-websocket-3.5.4.jar;C:\Users\cquiroz\.m2\repository\org\springframework\spring-messaging\6.2.9\spring-messaging-6.2.9.jar;C:\Users\cquiroz\.m2\repository\org\springframework\spring-beans\6.2.9\spring-beans-6.2.9.jar;C:\Users\cquiroz\.m2\repository\org\springframework\spring-websocket\6.2.9\spring-websocket-6.2.9.jar;C:\Users\cquiroz\.m2\repository\org\springframework\spring-context\6.2.9\spring-context-6.2.9.jar;C:\Users\cquiroz\.m2\repository\org\springframework\boot\spring-boot-starter-validation\3.5.4\spring-boot-starter-validation-3.5.4.jar;C:\Users\cquiroz\.m2\repository\org\apache\tomcat\embed\tomcat-embed-el\10.1.43\tomcat-embed-el-10.1.43.jar;C:\Users\cquiroz\.m2\repository\org\hibernate\validator\hibernate-validator\8.0.2.Final\hibernate-validator-8.0.2.Final.jar;C:\Users\cquiroz\.m2\repository\jakarta\validation\jakarta.validation-api\3.0.2\jakarta.validation-api-3.0.2.jar;C:\Users\cquiroz\.m2\repository\org\jboss\logging\jboss-logging\3.6.1.Final\jboss-logging-3.6.1.Final.jar;C:\Users\cquiroz\.m2\repository\com\fasterxml\classmate\1.7.0\classmate-1.7.0.jar;C:\Users\cquiroz\.m2\repository\io\netty\netty-common\4.1.123.Final\netty-common-4.1.123.Final.jar;C:\Users\cquiroz\.m2\repository\org\springframework\boot\spring-boot-starter-webflux\3.5.4\spring-boot-starter-webflux-3.5.4.jar;C:\Users\cquiroz\.m2\repository\org\springframework\boot\spring-boot-starter-json\3.5.4\spring-boot-starter-json-3.5.4.jar;C:\Users\cquiroz\.m2\repository\com\fasterxml\jackson\core\jackson-databind\2.19.2\jackson-databind-2.19.2.jar;C:\Users\cquiroz\.m2\repository\com\fasterxml\jackson\core\jackson-annotations\2.19.2\jackson-annotations-2.19.2.jar;C:\Users\cquiroz\.m2\repository\com\fasterxml\jackson\core\jackson-core\2.19.2\jackson-core-2.19.2.jar;C:\Users\cquiroz\.m2\repository\com\fasterxml
Launcher Type: SUN_STANDARD

[Global flags]
     intx CICompilerCount                          = 12                                        {product} {ergonomic}
     uint ConcGCThreads                            = 3                                         {product} {ergonomic}
     uint G1ConcRefinementThreads                  = 13                                        {product} {ergonomic}
   size_t G1HeapRegionSize                         = 4194304                                   {product} {ergonomic}
    uintx GCDrainStackTargetSize                   = 64                                        {product} {ergonomic}
   size_t InitialHeapSize                          = 532676608                                 {product} {ergonomic}
   size_t MarkStackSize                            = 4194304                                   {product} {ergonomic}
   size_t MaxHeapSize                              = 8518631424                                {product} {ergonomic}
   size_t MaxNewSize                               = 5108662272                                {product} {ergonomic}
   size_t MinHeapDeltaBytes                        = 4194304                                   {product} {ergonomic}
   size_t MinHeapSize                              = 8388608                                   {product} {ergonomic}
    uintx NonNMethodCodeHeapSize                   = 7602480                                {pd product} {ergonomic}
    uintx NonProfiledCodeHeapSize                  = 122027880                              {pd product} {ergonomic}
    uintx ProfiledCodeHeapSize                     = 122027880                              {pd product} {ergonomic}
    uintx ReservedCodeCacheSize                    = 251658240                              {pd product} {ergonomic}
     bool SegmentedCodeCache                       = true                                      {product} {ergonomic}
   size_t SoftMaxHeapSize                          = 8518631424                             {manageable} {ergonomic}
     bool UseCompressedClassPointers               = true                           {product lp64_product} {ergonomic}
     bool UseCompressedOops                        = true                           {product lp64_product} {ergonomic}
     bool UseG1GC                                  = true                                      {product} {ergonomic}
     bool UseLargePagesIndividualAllocation        = false                                  {pd product} {ergonomic}

Logging:
Log output configuration:
 #0: stdout all=warning uptime,level,tags
 #1: stderr all=off uptime,level,tags

Environment Variables:
JAVA_HOME=C:\Program Files\Java\jdk-17
PATH=D:\Archivo de programas CEQB\vwmareWorkstationPro17\bin\;C:\Program Files\Common Files\Oracle\Java\javapath;C:\Program Files (x86)\Common Files\Oracle\Java\java8path;C:\Program Files (x86)\Common Files\Oracle\Java\javapath;C:\Python313\Scripts\;C:\Python313\;F:\app\client\admindb\product\19.0.0\client_1\bin;H:\app\OracleCliente_64bits\product\11.2.0\client_1\bin;C:\Python312\Scripts\;C:\Python312\;C:\ProgramData\Oracle\Java\javapath;C:\WINDOWS\system32;C:\WINDOWS;C:\WINDOWS\System32\Wbem;C:\WINDOWS\System32\WindowsPowerShell\v1.0\;C:\WINDOWS\System32\OpenSSH\;C:\Program Files\Microsoft SQL Server\Client SDK\ODBC\170\Tools\Binn\;C:\Program Files (x86)\Microsoft SQL Server\150\Tools\Binn\;C:\Program Files\Microsoft SQL Server\150\Tools\Binn\;C:\Program Files\Microsoft SQL Server\150\DTS\Binn\;C:\ProgramData\chocolatey\bin;C:\Program Files\Microsoft SQL Server\130\DTS\Binn\;C:\Program Files\Microsoft SQL Server\Client SDK\ODBC\130\Tools\Binn\;H:\Git\cmd;C:\Program Files (x86)\Microsoft SQL Server\150\DTS\Binn\;%JAVA_HOME%\bin\;C:\Program Files\dotnet\;%MAVEN_HOME%\bin\;C:\apache-maven-3.9.10-bin\apache-maven-3.9.10\bin\;C:\Program Files (x86)\cloudflared\;C:\Program Files\nodejs\;C:\Program Files\Git\cmd;C:\Program Files\MySQL\MySQL Shell 8.0\bin\;C:\Users\cquiroz\AppData\Local\Microsoft\WindowsApps;;C:\Program Files\Azure Data Studio\bin;D:\Archivos de programas para developer\IntelliJ IDEA Community Edition 2025.2.4\bin;C:\Users\cquiroz\.dotnet\tools;C:\Users\cquiroz\AppData\Roaming\npm;C:\Program Files\JetBrains\IntelliJ IDEA 2024.3.1.1\bin;;D:\Archivos de programas para developer\Microsoft VS Code\bin
USERNAME=cquiroz
OS=Windows_NT
PROCESSOR_IDENTIFIER=Intel64 Family 6 Model 167 Stepping 1, GenuineIntel
TMP=C:\Users\cquiroz\AppData\Local\Temp
TEMP=C:\Users\cquiroz\AppData\Local\Temp



Periodic native trim disabled


---------------  S Y S T E M  ---------------

OS:
 Windows 11 , 64 bit Build 22621 (10.0.22621.5415)
OS uptime: 3 days 7:06 hours

CPU: total 16 (initial active 16) (8 cores per cpu, 2 threads per core) family 6 model 167 stepping 1 microcode 0x62, cx8, cmov, fxsr, ht, mmx, 3dnowpref, sse, sse2, sse3, ssse3, sse4.1, sse4.2, popcnt, lzcnt, tsc, tscinvbit, avx, avx2, aes, erms, clmul, bmi1, bmi2, adx, avx512f, avx512dq, avx512cd, avx512bw, avx512vl, sha, fma, vzeroupper, avx512_vpopcntdq, avx512_vpclmulqdq, avx512_vaes, avx512_vnni, clflush, clflushopt, avx512_vbmi2, avx512_vbmi
Processor Information for all 16 processors :
  Max Mhz: 2496, Current Mhz: 2496, Mhz Limit: 2496

Memory: 4k page, system-wide physical 32493M (5370M free)
TotalPageFile size 62937M (AvailPageFile size 10M)
current process WorkingSet (physical memory assigned to process): 163M, peak: 164M
current process commit charge ("private bytes"): 699M, peak: 704M

vm_info: OpenJDK 64-Bit Server VM (17.0.9+8-LTS) for windows-amd64 JRE (17.0.9+8-LTS), built on Oct 12 2023 16:15:33 by "Administrator" with MS VC++ 16.10 / 16.11 (VS2019)

END.
