#
# There is insufficient memory for the Java Runtime Environment to continue.
# Native memory allocation (malloc) failed to allocate 2095120 bytes for Chunk::new
# Possible reasons:
#   The system is out of physical RAM or swap space
#   The process is running with CompressedOops enabled, and the Java Heap may be blocking the growth of the native heap
# Possible solutions:
#   Reduce memory load on the system
#   Increase physical memory or swap space
#   Check if swap backing store is full
#   Decrease Java heap size (-Xmx/-Xms)
#   Decrease number of Java threads
#   Decrease Java thread stack sizes (-Xss)
#   Set larger code cache with -XX:ReservedCodeCacheSize=
#   JVM is running with Zero Based Compressed Oops mode in which the Java heap is
#     placed in the first 32GB address space. The Java Heap base address is the
#     maximum limit for the native heap growth. Please use -XX:HeapBaseMinAddress
#     to set the Java Heap base and to place the Java Heap above 32GB virtual address.
# This output file may be truncated or incomplete.
#
#  Out of Memory Error (arena.cpp:191), pid=18268, tid=38644
#
# JRE version: OpenJDK Runtime Environment Corretto-17.0.9.8.1 (17.0.9+8) (build 17.0.9+8-LTS)
# Java VM: OpenJDK 64-Bit Server VM Corretto-17.0.9.8.1 (17.0.9+8-LTS, mixed mode, sharing, tiered, compressed oops, compressed class ptrs, g1 gc, windows-amd64)
# No core dump will be written. Minidumps are not enabled by default on client versions of Windows
#

---------------  S U M M A R Y ------------

Command Line: -agentlib:jdwp=transport=dt_socket,address=127.0.0.1:59323,suspend=y,server=n -javaagent:C:\Users\cquiroz\AppData\Local\JetBrains\IdeaIC2025.2\captureAgent\debugger-agent.jar=file:///C:/Users/cquiroz/AppData/Local/Temp/capture2925939387820602054.props -Dkotlinx.coroutines.debug.enable.creation.stack.trace=false -Ddebugger.agent.enable.coroutines=true -Dkotlinx.coroutines.debug.enable.flows.stack.trace=true -Dkotlinx.coroutines.debug.enable.mutable.state.flows.stack.trace=true -Dfile.encoding=UTF-8 com.ceqb.SistemaVentaDispositivos2025.SistemaVentaDispositivos2025Application

Host: 11th Gen Intel(R) Core(TM) i7-11700 @ 2.50GHz, 16 cores, 31G,  Windows 11 , 64 bit Build 22621 (10.0.22621.5415)
Time: Fri Dec 19 14:59:41 2025 Hora est. Pacífico, Sudamérica elapsed time: 12.340761 seconds (0d 0h 0m 12s)

---------------  T H R E A D  ---------------

Current thread (0x000001f4f6eb2cd0):  JavaThread "C2 CompilerThread3" daemon [_thread_in_native, id=38644, stack(0x000000c6be700000,0x000000c6be800000)]


Current CompileTask:
C2:  12340 9634       4       org.springframework.core.SerializableTypeWrapper::unwrap (36 bytes)

Stack: [0x000000c6be700000,0x000000c6be800000]
Native frames: (J=compiled Java code, j=interpreted, Vv=VM code, C=native code)
V  [jvm.dll+0x67cb49]
V  [jvm.dll+0x8344da]
V  [jvm.dll+0x835f9e]
V  [jvm.dll+0x836603]
V  [jvm.dll+0x247b5f]
V  [jvm.dll+0xac43c]
V  [jvm.dll+0xaca8c]
V  [jvm.dll+0x366c87]
V  [jvm.dll+0x330fda]
V  [jvm.dll+0x33047a]
V  [jvm.dll+0x21a201]
V  [jvm.dll+0x219621]
V  [jvm.dll+0x1a56cd]
V  [jvm.dll+0x2293ee]
V  [jvm.dll+0x2275bc]
V  [jvm.dll+0x7e95a7]
V  [jvm.dll+0x7e396a]
V  [jvm.dll+0x67ba35]
C  [ucrtbase.dll+0x29333]
C  [KERNEL32.DLL+0x1259d]
C  [ntdll.dll+0x5af78]


---------------  P R O C E S S  ---------------

Threads class SMR info:
_java_thread_list=0x000001f504d5c900, length=34, elements={
0x000001f4fa262060, 0x000001f4fddcc320, 0x000001f4fddccee0, 0x000001f4fdddea60,
0x000001f4a7472690, 0x000001f4a7475060, 0x000001f4a7477a30, 0x000001f4a7479e20,
0x000001f4a7486810, 0x000001f4a7488b40, 0x000001f4fddb8770, 0x000001f4a76c9a90,
0x000001f4a76dfe80, 0x000001f4a76e2800, 0x000001f4a77b8990, 0x000001f4a77b9c20,
0x000001f4a77c9040, 0x000001f4ed125950, 0x000001f4ed0150d0, 0x000001f4ee48d210,
0x000001f4ee48dc30, 0x000001f4f27966c0, 0x000001f503aadfc0, 0x000001f503aac670,
0x000001f503aa7f90, 0x000001f503aa84a0, 0x000001f4f22152d0, 0x000001f4f22157e0,
0x000001f4f6eb2780, 0x000001f4f6eb2cd0, 0x000001f4f5da6080, 0x000001f4f5da8b00,
0x000001f4f5da45f0, 0x000001f4f5da55e0
}

Java Threads: ( => current thread )
  0x000001f4fa262060 JavaThread "main" [_thread_blocked, id=48396, stack(0x000000c6bcb00000,0x000000c6bcc00000)]
  0x000001f4fddcc320 JavaThread "Reference Handler" daemon [_thread_blocked, id=45480, stack(0x000000c6bd200000,0x000000c6bd300000)]
  0x000001f4fddccee0 JavaThread "Finalizer" daemon [_thread_blocked, id=44536, stack(0x000000c6bd300000,0x000000c6bd400000)]
  0x000001f4fdddea60 JavaThread "Signal Dispatcher" daemon [_thread_blocked, id=51216, stack(0x000000c6bd400000,0x000000c6bd500000)]
  0x000001f4a7472690 JavaThread "Attach Listener" daemon [_thread_blocked, id=29856, stack(0x000000c6bd500000,0x000000c6bd600000)]
  0x000001f4a7475060 JavaThread "Service Thread" daemon [_thread_blocked, id=10800, stack(0x000000c6bd600000,0x000000c6bd700000)]
  0x000001f4a7477a30 JavaThread "Monitor Deflation Thread" daemon [_thread_blocked, id=47740, stack(0x000000c6bd700000,0x000000c6bd800000)]
  0x000001f4a7479e20 JavaThread "C2 CompilerThread0" daemon [_thread_in_native, id=38104, stack(0x000000c6bd800000,0x000000c6bd900000)]
  0x000001f4a7486810 JavaThread "C1 CompilerThread0" daemon [_thread_blocked, id=29232, stack(0x000000c6bd900000,0x000000c6bda00000)]
  0x000001f4a7488b40 JavaThread "Sweeper thread" daemon [_thread_blocked, id=41404, stack(0x000000c6bda00000,0x000000c6bdb00000)]
  0x000001f4fddb8770 JavaThread "Common-Cleaner" daemon [_thread_blocked, id=34536, stack(0x000000c6bdb00000,0x000000c6bdc00000)]
  0x000001f4a76c9a90 JavaThread "C1 CompilerThread1" daemon [_thread_blocked, id=5900, stack(0x000000c6bdc00000,0x000000c6bdd00000)]
  0x000001f4a76dfe80 JavaThread "C1 CompilerThread2" daemon [_thread_blocked, id=50392, stack(0x000000c6bdd00000,0x000000c6bde00000)]
  0x000001f4a76e2800 JavaThread "C1 CompilerThread3" daemon [_thread_blocked, id=39024, stack(0x000000c6bde00000,0x000000c6bdf00000)]
  0x000001f4a77b8990 JavaThread "JDWP Transport Listener: dt_socket" daemon [_thread_blocked, id=50816, stack(0x000000c6be000000,0x000000c6be100000)]
  0x000001f4a77b9c20 JavaThread "JDWP Event Helper Thread" daemon [_thread_in_native, id=45928, stack(0x000000c6be100000,0x000000c6be200000)]
  0x000001f4a77c9040 JavaThread "JDWP Command Reader" daemon [_thread_in_native, id=9736, stack(0x000000c6be200000,0x000000c6be300000)]
  0x000001f4ed125950 JavaThread "IntelliJ Suspend Helper" daemon [_thread_blocked, id=43808, stack(0x000000c6be300000,0x000000c6be400000)]
  0x000001f4ed0150d0 JavaThread "Notification Thread" daemon [_thread_blocked, id=20804, stack(0x000000c6be400000,0x000000c6be500000)]
  0x000001f4ee48d210 JavaThread "Thread-0" [_thread_blocked, id=26564, stack(0x000000c6bf300000,0x000000c6bf400000)]
  0x000001f4ee48dc30 JavaThread "restartedMain" [_thread_in_vm, id=40436, stack(0x000000c6bf400000,0x000000c6bf500000)]
  0x000001f4f27966c0 JavaThread "C2 CompilerThread1" daemon [_thread_in_native, id=50036, stack(0x000000c6bdf00000,0x000000c6be000000)]
  0x000001f503aadfc0 JavaThread "Catalina-utility-1" [_thread_blocked, id=40432, stack(0x000000c6bfa00000,0x000000c6bfb00000)]
  0x000001f503aac670 JavaThread "Catalina-utility-2" [_thread_blocked, id=22732, stack(0x000000c6bfb00000,0x000000c6bfc00000)]
  0x000001f503aa7f90 JavaThread "container-0" [_thread_blocked, id=18660, stack(0x000000c6bfc00000,0x000000c6bfd00000)]
  0x000001f503aa84a0 JavaThread "mysql-cj-abandoned-connection-cleanup" daemon [_thread_blocked, id=29692, stack(0x000000c6bfd00000,0x000000c6bfe00000)]
  0x000001f4f22152d0 JavaThread "HikariPool-1:housekeeper" daemon [_thread_blocked, id=39280, stack(0x000000c6bfe00000,0x000000c6bff00000)]
  0x000001f4f22157e0 JavaThread "HikariPool-1:connection-adder" daemon [_thread_blocked, id=13108, stack(0x000000c6c0000000,0x000000c6c0100000)]
  0x000001f4f6eb2780 JavaThread "C2 CompilerThread2" daemon [_thread_in_native, id=38340, stack(0x000000c6be600000,0x000000c6be700000)]
=>0x000001f4f6eb2cd0 JavaThread "C2 CompilerThread3" daemon [_thread_in_native, id=38644, stack(0x000000c6be700000,0x000000c6be800000)]
  0x000001f4f5da6080 JavaThread "C2 CompilerThread4" daemon [_thread_in_native, id=36820, stack(0x000000c6bf500000,0x000000c6bf600000)]
  0x000001f4f5da8b00 JavaThread "C2 CompilerThread5" daemon [_thread_in_native, id=44704, stack(0x000000c6bf900000,0x000000c6bfa00000)]
  0x000001f4f5da45f0 JavaThread "C2 CompilerThread6" daemon [_thread_in_native, id=29484, stack(0x000000c6c0800000,0x000000c6c0900000)]
  0x000001f4f5da55e0 JavaThread "C2 CompilerThread7" daemon [_thread_in_native, id=41172, stack(0x000000c6c0900000,0x000000c6c0a00000)]

Other Threads:
  0x000001f4fddc9450 VMThread "VM Thread" [stack: 0x000000c6bd100000,0x000000c6bd200000] [id=36560]
  0x000001f4a7783d80 WatcherThread [stack: 0x000000c6be500000,0x000000c6be600000] [id=36784]
  0x000001f4fdc20880 GCTaskThread "GC Thread#0" [stack: 0x000000c6bcc00000,0x000000c6bcd00000] [id=40348]
  0x000001f4edfe1250 GCTaskThread "GC Thread#1" [stack: 0x000000c6be800000,0x000000c6be900000] [id=25200]
  0x000001f4ee2c46d0 GCTaskThread "GC Thread#2" [stack: 0x000000c6be900000,0x000000c6bea00000] [id=14068]
  0x000001f4ee6eecf0 GCTaskThread "GC Thread#3" [stack: 0x000000c6bea00000,0x000000c6beb00000] [id=27216]
  0x000001f4eda7eb40 GCTaskThread "GC Thread#4" [stack: 0x000000c6beb00000,0x000000c6bec00000] [id=49376]
  0x000001f4edf899b0 GCTaskThread "GC Thread#5" [stack: 0x000000c6bec00000,0x000000c6bed00000] [id=40884]
  0x000001f4edfd0750 GCTaskThread "GC Thread#6" [stack: 0x000000c6bed00000,0x000000c6bee00000] [id=49968]
  0x000001f4eda77080 GCTaskThread "GC Thread#7" [stack: 0x000000c6bee00000,0x000000c6bef00000] [id=51180]
  0x000001f4edbb94a0 GCTaskThread "GC Thread#8" [stack: 0x000000c6bef00000,0x000000c6bf000000] [id=35460]
  0x000001f4edbd47c0 GCTaskThread "GC Thread#9" [stack: 0x000000c6bf000000,0x000000c6bf100000] [id=20920]
  0x000001f4edfcc840 GCTaskThread "GC Thread#10" [stack: 0x000000c6bf100000,0x000000c6bf200000] [id=45808]
  0x000001f4edaf5e80 GCTaskThread "GC Thread#11" [stack: 0x000000c6bf200000,0x000000c6bf300000] [id=14812]
  0x000001f4f0b148d0 GCTaskThread "GC Thread#12" [stack: 0x000000c6bf600000,0x000000c6bf700000] [id=28208]
  0x000001f4fa2dfb50 ConcurrentGCThread "G1 Main Marker" [stack: 0x000000c6bcd00000,0x000000c6bce00000] [id=42240]
  0x000001f4fa2e0480 ConcurrentGCThread "G1 Conc#0" [stack: 0x000000c6bce00000,0x000000c6bcf00000] [id=52032]
  0x000001f4f0b13dd0 ConcurrentGCThread "G1 Conc#1" [stack: 0x000000c6bf700000,0x000000c6bf800000] [id=46316]
  0x000001f4f0b16190 ConcurrentGCThread "G1 Conc#2" [stack: 0x000000c6bf800000,0x000000c6bf900000] [id=8212]
  0x000001f4fdd03030 ConcurrentGCThread "G1 Refine#0" [stack: 0x000000c6bcf00000,0x000000c6bd000000] [id=20136]
  0x000001f505757430 ConcurrentGCThread "G1 Refine#1" [stack: 0x000000c6c0100000,0x000000c6c0200000] [id=8376]
  0x000001f505757720 ConcurrentGCThread "G1 Refine#2" [stack: 0x000000c6c0200000,0x000000c6c0300000] [id=40308]
  0x000001f505757d00 ConcurrentGCThread "G1 Refine#3" [stack: 0x000000c6c0300000,0x000000c6c0400000] [id=44756]
  0x000001f505759a60 ConcurrentGCThread "G1 Refine#4" [stack: 0x000000c6c0400000,0x000000c6c0500000] [id=46196]
  0x000001f505759d50 ConcurrentGCThread "G1 Refine#5" [stack: 0x000000c6c0500000,0x000000c6c0600000] [id=21020]
  0x000001f505756e50 ConcurrentGCThread "G1 Refine#6" [stack: 0x000000c6c0600000,0x000000c6c0700000] [id=43056]
  0x000001f505757ff0 ConcurrentGCThread "G1 Refine#7" [stack: 0x000000c6c0700000,0x000000c6c0800000] [id=42332]
  0x000001f4fdd05a70 ConcurrentGCThread "G1 Service" [stack: 0x000000c6bd000000,0x000000c6bd100000] [id=50040]

Threads with active compile tasks:
C2 CompilerThread0    12363 9650       4       org.springframework.core.ResolvableType::isArray (59 bytes)
C2 CompilerThread1    12363 9239       4       org.springframework.core.annotation.AnnotationsScanner::scan (21 bytes)
C2 CompilerThread2    12363 9240       4       org.springframework.core.annotation.AnnotationsScanner::process (55 bytes)
C2 CompilerThread3    12363 9634       4       org.springframework.core.SerializableTypeWrapper::unwrap (36 bytes)
C2 CompilerThread4    12363 9635       4       org.springframework.core.ResolvableType::isUnresolvableTypeVariable (59 bytes)
C2 CompilerThread5    12363 9651       4       org.springframework.core.ResolvableType::<init> (39 bytes)
C2 CompilerThread6    12363 9241       4       org.springframework.core.annotation.TypeMappedAnnotations::scan (66 bytes)
C2 CompilerThread7    12363 9365       4       org.springframework.core.ResolvableType::forType (7 bytes)

VM state: not at safepoint (normal execution)

VM Mutex/Monitor currently owned by a thread: None

Heap address: 0x0000000604400000, size: 8124 MB, Compressed Oops mode: Zero based, Oop shift amount: 3

CDS archive(s) mapped at: [0x000001f4a8000000-0x000001f4a8ba0000-0x000001f4a8ba0000), size 12189696, SharedBaseAddress: 0x000001f4a8000000, ArchiveRelocationMode: 1.
Compressed class space mapped at: 0x000001f4a9000000-0x000001f4e9000000, reserved size: 1073741824
Narrow klass base: 0x000001f4a8000000, Narrow klass shift: 0, Narrow klass range: 0x100000000

GC Precious Log:
 CPUs: 16 total, 16 available
 Memory: 32493M
 Large Page Support: Disabled
 NUMA Support: Disabled
 Compressed Oops: Enabled (Zero based)
 Heap Region Size: 4M
 Heap Min Capacity: 8M
 Heap Initial Capacity: 508M
 Heap Max Capacity: 8124M
 Pre-touch: Disabled
 Parallel Workers: 13
 Concurrent Workers: 3
 Concurrent Refinement Workers: 13
 Periodic GC: Disabled

Heap:
 garbage-first heap   total 344064K, used 208532K [0x0000000604400000, 0x0000000800000000)
  region size 4096K, 26 young (106496K), 1 survivors (4096K)
 Metaspace       used 91783K, committed 92352K, reserved 1179648K
  class space    used 12390K, committed 12672K, reserved 1048576K

Heap Regions: E=young(eden), S=young(survivor), O=old, HS=humongous(starts), HC=humongous(continues), CS=collection set, F=free, OA=open archive, CA=closed archive, TAMS=top-at-mark-start (previous, next)
|   0|0x0000000604400000, 0x0000000604800000, 0x0000000604800000|100%| O|  |TAMS 0x0000000604800000, 0x0000000604400000| Untracked 
|   1|0x0000000604800000, 0x0000000604c00000, 0x0000000604c00000|100%| O|  |TAMS 0x0000000604c00000, 0x0000000604800000| Untracked 
|   2|0x0000000604c00000, 0x0000000605000000, 0x0000000605000000|100%| O|  |TAMS 0x0000000605000000, 0x0000000604c00000| Untracked 
|   3|0x0000000605000000, 0x0000000605400000, 0x0000000605400000|100%| O|  |TAMS 0x0000000605400000, 0x0000000605000000| Untracked 
|   4|0x0000000605400000, 0x0000000605800000, 0x0000000605800000|100%| O|  |TAMS 0x0000000605800000, 0x0000000605400000| Untracked 
|   5|0x0000000605800000, 0x0000000605800000, 0x0000000605c00000|  0%| F|  |TAMS 0x0000000605800000, 0x0000000605800000| Untracked 
|   6|0x0000000605c00000, 0x0000000606000000, 0x0000000606000000|100%| O|  |TAMS 0x0000000606000000, 0x0000000605c00000| Untracked 
|   7|0x0000000606000000, 0x0000000606400000, 0x0000000606400000|100%| O|  |TAMS 0x0000000606400000, 0x0000000606000000| Untracked 
|   8|0x0000000606400000, 0x0000000606800000, 0x0000000606800000|100%| O|  |TAMS 0x0000000606800000, 0x0000000606400000| Untracked 
|   9|0x0000000606800000, 0x0000000606c00000, 0x0000000606c00000|100%| O|  |TAMS 0x0000000606c00000, 0x0000000606800000| Untracked 
|  10|0x0000000606c00000, 0x0000000607000000, 0x0000000607000000|100%| O|  |TAMS 0x0000000607000000, 0x0000000606c00000| Untracked 
|  11|0x0000000607000000, 0x0000000607400000, 0x0000000607400000|100%| O|  |TAMS 0x0000000607400000, 0x0000000607000000| Untracked 
|  12|0x0000000607400000, 0x0000000607400000, 0x0000000607800000|  0%| F|  |TAMS 0x0000000607400000, 0x0000000607400000| Untracked 
|  13|0x0000000607800000, 0x0000000607c00000, 0x0000000607c00000|100%| O|  |TAMS 0x0000000607c00000, 0x0000000607800000| Untracked 
|  14|0x0000000607c00000, 0x0000000608000000, 0x0000000608000000|100%| O|  |TAMS 0x0000000608000000, 0x0000000607c00000| Untracked 
|  15|0x0000000608000000, 0x0000000608400000, 0x0000000608400000|100%| O|  |TAMS 0x0000000608400000, 0x0000000608000000| Untracked 
|  16|0x0000000608400000, 0x0000000608400000, 0x0000000608800000|  0%| F|  |TAMS 0x0000000608400000, 0x0000000608400000| Untracked 
|  17|0x0000000608800000, 0x0000000608c00000, 0x0000000608c00000|100%| O|  |TAMS 0x0000000608c00000, 0x0000000608800000| Untracked 
|  18|0x0000000608c00000, 0x0000000609000000, 0x0000000609000000|100%| O|  |TAMS 0x0000000608c00000, 0x0000000608c00000| Untracked 
|  19|0x0000000609000000, 0x0000000609400000, 0x0000000609400000|100%| O|  |TAMS 0x0000000609400000, 0x0000000609000000| Untracked 
|  20|0x0000000609400000, 0x0000000609800000, 0x0000000609800000|100%| O|  |TAMS 0x0000000609800000, 0x0000000609400000| Untracked 
|  21|0x0000000609800000, 0x0000000609c00000, 0x0000000609c00000|100%| O|  |TAMS 0x0000000609c00000, 0x0000000609800000| Untracked 
|  22|0x0000000609c00000, 0x000000060a000000, 0x000000060a000000|100%| O|  |TAMS 0x0000000609c00000, 0x0000000609c00000| Untracked 
|  23|0x000000060a000000, 0x000000060a400000, 0x000000060a400000|100%| O|  |TAMS 0x000000060a000000, 0x000000060a000000| Untracked 
|  24|0x000000060a400000, 0x000000060a800000, 0x000000060a800000|100%| O|  |TAMS 0x000000060a561000, 0x000000060a400000| Untracked 
|  25|0x000000060a800000, 0x000000060ac00000, 0x000000060ac00000|100%| O|  |TAMS 0x000000060a800000, 0x000000060a800000| Untracked 
|  26|0x000000060ac00000, 0x000000060b000000, 0x000000060b000000|100%| O|  |TAMS 0x000000060ac00000, 0x000000060ac00000| Untracked 
|  27|0x000000060b000000, 0x000000060b400000, 0x000000060b400000|100%| O|  |TAMS 0x000000060b000000, 0x000000060b000000| Untracked 
|  28|0x000000060b400000, 0x000000060b800000, 0x000000060b800000|100%| O|  |TAMS 0x000000060b400000, 0x000000060b400000| Untracked 
|  29|0x000000060b800000, 0x000000060bc00000, 0x000000060bc00000|100%| O|  |TAMS 0x000000060b800000, 0x000000060b800000| Untracked 
|  30|0x000000060bc00000, 0x000000060bda5a00, 0x000000060c000000| 41%| O|  |TAMS 0x000000060bc00000, 0x000000060bc00000| Untracked 
|  31|0x000000060c000000, 0x000000060c000000, 0x000000060c400000|  0%| F|  |TAMS 0x000000060c000000, 0x000000060c000000| Untracked 
|  32|0x000000060c400000, 0x000000060c400000, 0x000000060c800000|  0%| F|  |TAMS 0x000000060c400000, 0x000000060c400000| Untracked 
|  33|0x000000060c800000, 0x000000060c800000, 0x000000060cc00000|  0%| F|  |TAMS 0x000000060c800000, 0x000000060c800000| Untracked 
|  34|0x000000060cc00000, 0x000000060cc00000, 0x000000060d000000|  0%| F|  |TAMS 0x000000060cc00000, 0x000000060cc00000| Untracked 
|  35|0x000000060d000000, 0x000000060d000000, 0x000000060d400000|  0%| F|  |TAMS 0x000000060d000000, 0x000000060d000000| Untracked 
|  36|0x000000060d400000, 0x000000060d400000, 0x000000060d800000|  0%| F|  |TAMS 0x000000060d400000, 0x000000060d400000| Untracked 
|  37|0x000000060d800000, 0x000000060d800000, 0x000000060dc00000|  0%| F|  |TAMS 0x000000060d800000, 0x000000060d800000| Untracked 
|  38|0x000000060dc00000, 0x000000060dc00000, 0x000000060e000000|  0%| F|  |TAMS 0x000000060dc00000, 0x000000060dc00000| Untracked 
|  39|0x000000060e000000, 0x000000060e000000, 0x000000060e400000|  0%| F|  |TAMS 0x000000060e000000, 0x000000060e000000| Untracked 
|  40|0x000000060e400000, 0x000000060e400000, 0x000000060e800000|  0%| F|  |TAMS 0x000000060e400000, 0x000000060e400000| Untracked 
|  41|0x000000060e800000, 0x000000060e800000, 0x000000060ec00000|  0%| F|  |TAMS 0x000000060e800000, 0x000000060e800000| Untracked 
|  42|0x000000060ec00000, 0x000000060ec00000, 0x000000060f000000|  0%| F|  |TAMS 0x000000060ec00000, 0x000000060ec00000| Untracked 
|  43|0x000000060f000000, 0x000000060f000000, 0x000000060f400000|  0%| F|  |TAMS 0x000000060f000000, 0x000000060f000000| Untracked 
|  44|0x000000060f400000, 0x000000060f400000, 0x000000060f800000|  0%| F|  |TAMS 0x000000060f400000, 0x000000060f400000| Untracked 
|  45|0x000000060f800000, 0x000000060f800000, 0x000000060fc00000|  0%| F|  |TAMS 0x000000060f800000, 0x000000060f800000| Untracked 
|  46|0x000000060fc00000, 0x000000060fc00000, 0x0000000610000000|  0%| F|  |TAMS 0x000000060fc00000, 0x000000060fc00000| Untracked 
|  47|0x0000000610000000, 0x0000000610000000, 0x0000000610400000|  0%| F|  |TAMS 0x0000000610000000, 0x0000000610000000| Untracked 
|  48|0x0000000610400000, 0x0000000610400000, 0x0000000610800000|  0%| F|  |TAMS 0x0000000610400000, 0x0000000610400000| Untracked 
|  49|0x0000000610800000, 0x0000000610800000, 0x0000000610c00000|  0%| F|  |TAMS 0x0000000610800000, 0x0000000610800000| Untracked 
|  50|0x0000000610c00000, 0x0000000610c00000, 0x0000000611000000|  0%| F|  |TAMS 0x0000000610c00000, 0x0000000610c00000| Untracked 
|  51|0x0000000611000000, 0x0000000611000000, 0x0000000611400000|  0%| F|  |TAMS 0x0000000611000000, 0x0000000611000000| Untracked 
|  52|0x0000000611400000, 0x0000000611400000, 0x0000000611800000|  0%| F|  |TAMS 0x0000000611400000, 0x0000000611400000| Untracked 
|  53|0x0000000611800000, 0x0000000611800000, 0x0000000611c00000|  0%| F|  |TAMS 0x0000000611800000, 0x0000000611800000| Untracked 
|  54|0x0000000611c00000, 0x0000000611c00000, 0x0000000612000000|  0%| F|  |TAMS 0x0000000611c00000, 0x0000000611c00000| Untracked 
|  55|0x0000000612000000, 0x0000000612000000, 0x0000000612400000|  0%| F|  |TAMS 0x0000000612000000, 0x0000000612000000| Untracked 
|  56|0x0000000612400000, 0x0000000612400000, 0x0000000612800000|  0%| F|  |TAMS 0x0000000612400000, 0x0000000612400000| Untracked 
|  57|0x0000000612800000, 0x0000000612800000, 0x0000000612c00000|  0%| F|  |TAMS 0x0000000612800000, 0x0000000612800000| Untracked 
|  58|0x0000000612c00000, 0x0000000612ffd420, 0x0000000613000000| 99%| E|  |TAMS 0x0000000612c00000, 0x0000000612c00000| Complete 
|  59|0x0000000613000000, 0x0000000613400000, 0x0000000613400000|100%| E|CS|TAMS 0x0000000613000000, 0x0000000613000000| Complete 
|  60|0x0000000613400000, 0x0000000613800000, 0x0000000613800000|100%| E|CS|TAMS 0x0000000613400000, 0x0000000613400000| Complete 
|  61|0x0000000613800000, 0x0000000613c00000, 0x0000000613c00000|100%| E|  |TAMS 0x0000000613800000, 0x0000000613800000| Complete 
|  62|0x0000000613c00000, 0x0000000614000000, 0x0000000614000000|100%| E|CS|TAMS 0x0000000613c00000, 0x0000000613c00000| Complete 
|  63|0x0000000614000000, 0x0000000614400000, 0x0000000614400000|100%| E|CS|TAMS 0x0000000614000000, 0x0000000614000000| Complete 
|  64|0x0000000614400000, 0x0000000614800000, 0x0000000614800000|100%| E|CS|TAMS 0x0000000614400000, 0x0000000614400000| Complete 
|  65|0x0000000614800000, 0x0000000614c00000, 0x0000000614c00000|100%| E|CS|TAMS 0x0000000614800000, 0x0000000614800000| Complete 
|  66|0x0000000614c00000, 0x0000000615000000, 0x0000000615000000|100%| E|CS|TAMS 0x0000000614c00000, 0x0000000614c00000| Complete 
|  67|0x0000000615000000, 0x0000000615400000, 0x0000000615400000|100%| E|CS|TAMS 0x0000000615000000, 0x0000000615000000| Complete 
|  68|0x0000000615400000, 0x0000000615800000, 0x0000000615800000|100%| E|CS|TAMS 0x0000000615400000, 0x0000000615400000| Complete 
|  69|0x0000000615800000, 0x0000000615c00000, 0x0000000615c00000|100%| E|CS|TAMS 0x0000000615800000, 0x0000000615800000| Complete 
|  70|0x0000000615c00000, 0x0000000616000000, 0x0000000616000000|100%| E|CS|TAMS 0x0000000615c00000, 0x0000000615c00000| Complete 
|  71|0x0000000616000000, 0x0000000616400000, 0x0000000616400000|100%| E|CS|TAMS 0x0000000616000000, 0x0000000616000000| Complete 
|  72|0x0000000616400000, 0x0000000616800000, 0x0000000616800000|100%| E|CS|TAMS 0x0000000616400000, 0x0000000616400000| Complete 
|  73|0x0000000616800000, 0x0000000616c00000, 0x0000000616c00000|100%| E|CS|TAMS 0x0000000616800000, 0x0000000616800000| Complete 
|  74|0x0000000616c00000, 0x0000000617000000, 0x0000000617000000|100%| E|CS|TAMS 0x0000000616c00000, 0x0000000616c00000| Complete 
|  75|0x0000000617000000, 0x0000000617400000, 0x0000000617400000|100%| E|CS|TAMS 0x0000000617000000, 0x0000000617000000| Complete 
|  76|0x0000000617400000, 0x0000000617800000, 0x0000000617800000|100%| E|CS|TAMS 0x0000000617400000, 0x0000000617400000| Complete 
|  77|0x0000000617800000, 0x0000000617c00000, 0x0000000617c00000|100%| E|CS|TAMS 0x0000000617800000, 0x0000000617800000| Complete 
|  78|0x0000000617c00000, 0x0000000618000000, 0x0000000618000000|100%| E|CS|TAMS 0x0000000617c00000, 0x0000000617c00000| Complete 
|  79|0x0000000618000000, 0x0000000618400000, 0x0000000618400000|100%| E|CS|TAMS 0x0000000618000000, 0x0000000618000000| Complete 
|  80|0x0000000618400000, 0x0000000618800000, 0x0000000618800000|100%| E|CS|TAMS 0x0000000618400000, 0x0000000618400000| Complete 
|  81|0x0000000618800000, 0x0000000618c00000, 0x0000000618c00000|100%| E|CS|TAMS 0x0000000618800000, 0x0000000618800000| Complete 
|  82|0x0000000618c00000, 0x0000000618dff9a8, 0x0000000619000000| 49%| S|CS|TAMS 0x0000000618c00000, 0x0000000618c00000| Complete 
| 126|0x0000000623c00000, 0x0000000624000000, 0x0000000624000000|100%| E|CS|TAMS 0x0000000623c00000, 0x0000000623c00000| Complete 

Card table byte_map: [0x000001f4fbb50000,0x000001f4fcb30000] _byte_map_base: 0x000001f4f8b2e000

Marking Bits (Prev, Next): (CMBitMap*) 0x000001f4fa2cf450, (CMBitMap*) 0x000001f4fa2cf490
 Prev Bits: [0x000001f496a50000, 0x000001f49e940000)
 Next Bits: [0x000001f49e940000, 0x000001f4a6830000)

Polling page: 0x000001f4f99f0000

Metaspace:

Usage:
  Non-class:     77.55 MB used.
      Class:     12.10 MB used.
       Both:     89.65 MB used.

Virtual space:
  Non-class space:      128.00 MB reserved,      77.81 MB ( 61%) committed,  2 nodes.
      Class space:        1.00 GB reserved,      12.38 MB (  1%) committed,  1 nodes.
             Both:        1.12 GB reserved,      90.19 MB (  8%) committed. 

Chunk freelists:
   Non-Class:  1.62 MB
       Class:  3.58 MB
        Both:  5.20 MB

MaxMetaspaceSize: unlimited
CompressedClassSpaceSize: 1.00 GB
Initial GC threshold: 21.00 MB
Current GC threshold: 142.94 MB
CDS: on
MetaspaceReclaimPolicy: balanced
 - commit_granule_bytes: 65536.
 - commit_granule_words: 8192.
 - virtual_space_node_default_size: 8388608.
 - enlarge_chunks_in_place: 1.
 - new_chunks_are_fully_committed: 0.
 - uncommit_free_chunks: 1.
 - use_allocation_guard: 0.
 - handle_deallocations: 1.


Internal statistics:

num_allocs_failed_limit: 9.
num_arena_births: 892.
num_arena_deaths: 2.
num_vsnodes_births: 3.
num_vsnodes_deaths: 0.
num_space_committed: 1443.
num_space_uncommitted: 0.
num_chunks_returned_to_freelist: 12.
num_chunks_taken_from_freelist: 3998.
num_chunk_merges: 6.
num_chunk_splits: 2938.
num_chunks_enlarged: 2331.
num_inconsistent_stats: 0.

CodeHeap 'non-profiled nmethods': size=119168Kb used=7781Kb max_used=7781Kb free=111386Kb
 bounds [0x000001f48f5f0000, 0x000001f48fd90000, 0x000001f496a50000]
CodeHeap 'profiled nmethods': size=119104Kb used=17278Kb max_used=17278Kb free=101826Kb
 bounds [0x000001f487a50000, 0x000001f488b40000, 0x000001f48eea0000]
CodeHeap 'non-nmethods': size=7488Kb used=3152Kb max_used=3264Kb free=4335Kb
 bounds [0x000001f48eea0000, 0x000001f48f1f0000, 0x000001f48f5f0000]
 total_blobs=8988 nmethods=8264 adapters=632
 compilation: enabled
              stopped_count=0, restarted_count=0
 full_count=0

Compilation events (20 events):
Event: 12.229 Thread 0x000001f4a76dfe80 nmethod 9679 0x000001f488b1be10 code [0x000001f488b1c020, 0x000001f488b1ca68]
Event: 12.229 Thread 0x000001f4a7486810 nmethod 9680 0x000001f488b1cd90 code [0x000001f488b1cfc0, 0x000001f488b1d618]
Event: 12.230 Thread 0x000001f4a76dfe80 9681       3       sun.reflect.generics.parser.SignatureParser::parseTypeVariableSignature (95 bytes)
Event: 12.230 Thread 0x000001f4a76e2800 9682   !   3       org.springframework.scheduling.annotation.ScheduledAnnotationBeanPostProcessor::requiresDestruction (46 bytes)
Event: 12.230 Thread 0x000001f4a76dfe80 nmethod 9681 0x000001f488b1db10 code [0x000001f488b1dde0, 0x000001f488b1e908]
Event: 12.231 Thread 0x000001f4a76e2800 nmethod 9682 0x000001f488b1ed90 code [0x000001f488b1ef60, 0x000001f488b1f3b8]
Event: 12.231 Thread 0x000001f4a76dfe80 9683   !   3       org.springframework.beans.factory.support.AbstractAutowireCapableBeanFactory::applyPropertyValues (492 bytes)
Event: 12.233 Thread 0x000001f4a7486810 9684       3       org.springframework.scheduling.annotation.ScheduledAnnotationBeanPostProcessor::postProcessMergedBeanDefinition (1 bytes)
Event: 12.233 Thread 0x000001f4a7486810 nmethod 9684 0x000001f488b1f590 code [0x000001f488b1f720, 0x000001f488b1f838]
Event: 12.235 Thread 0x000001f4a76c9a90 9686       3       org.springframework.aop.support.ClassFilters$IntersectionClassFilter::matches (44 bytes)
Event: 12.235 Thread 0x000001f4a76e2800 9687       3       org.springframework.aop.framework.autoproxy.AbstractAutoProxyCreator::postProcessBeforeInstantiation (149 bytes)
Event: 12.236 Thread 0x000001f4a76c9a90 nmethod 9686 0x000001f488b1f910 code [0x000001f488b1fac0, 0x000001f488b1fe08]
Event: 12.237 Thread 0x000001f4a76dfe80 nmethod 9683 0x000001f488b1ff90 code [0x000001f488b20700, 0x000001f488b25f18]
Event: 12.238 Thread 0x000001f4a76e2800 nmethod 9687 0x000001f488b28490 code [0x000001f488b288e0, 0x000001f488b2aaf8]
Event: 12.249 Thread 0x000001f4f5da8b00 nmethod 9531 0x000001f48fd6d890 code [0x000001f48fd6de60, 0x000001f48fd75c38]
Event: 12.249 Thread 0x000001f4f5da8b00 9651       4       org.springframework.core.ResolvableType::<init> (39 bytes)
Event: 12.266 Thread 0x000001f4a7479e20 nmethod 9559 0x000001f48fd7a910 code [0x000001f48fd7aec0, 0x000001f48fd824a8]
Event: 12.267 Thread 0x000001f4a7479e20 9650       4       org.springframework.core.ResolvableType::isArray (59 bytes)
Event: 12.305 Thread 0x000001f4a76e2800 9688       3       java.lang.invoke.InvokerBytecodeGenerator::generateCustomizedCodeBytes (44 bytes)
Event: 12.305 Thread 0x000001f4a76e2800 nmethod 9688 0x000001f488b2b610 code [0x000001f488b2b820, 0x000001f488b2bc78]

GC Heap History (20 events):
Event: 10.196 GC heap before
{Heap before GC invocations=19 (full 0):
 garbage-first heap   total 139264K, used 105930K [0x0000000604400000, 0x0000000800000000)
  region size 4096K, 18 young (73728K), 2 survivors (8192K)
 Metaspace       used 86521K, committed 87104K, reserved 1179648K
  class space    used 11647K, committed 11904K, reserved 1048576K
}
Event: 10.200 GC heap after
{Heap after GC invocations=20 (full 0):
 garbage-first heap   total 139264K, used 46521K [0x0000000604400000, 0x0000000800000000)
  region size 4096K, 3 young (12288K), 3 survivors (12288K)
 Metaspace       used 86521K, committed 87104K, reserved 1179648K
  class space    used 11647K, committed 11904K, reserved 1048576K
}
Event: 10.295 GC heap before
{Heap before GC invocations=20 (full 0):
 garbage-first heap   total 139264K, used 95673K [0x0000000604400000, 0x0000000800000000)
  region size 4096K, 15 young (61440K), 3 survivors (12288K)
 Metaspace       used 86630K, committed 87232K, reserved 1179648K
  class space    used 11659K, committed 11968K, reserved 1048576K
}
Event: 10.297 GC heap after
{Heap after GC invocations=21 (full 0):
 garbage-first heap   total 139264K, used 42643K [0x0000000604400000, 0x0000000800000000)
  region size 4096K, 1 young (4096K), 1 survivors (4096K)
 Metaspace       used 86630K, committed 87232K, reserved 1179648K
  class space    used 11659K, committed 11968K, reserved 1048576K
}
Event: 10.572 GC heap before
{Heap before GC invocations=21 (full 0):
 garbage-first heap   total 139264K, used 104083K [0x0000000604400000, 0x0000000800000000)
  region size 4096K, 16 young (65536K), 1 survivors (4096K)
 Metaspace       used 87163K, committed 87744K, reserved 1179648K
  class space    used 11723K, committed 12032K, reserved 1048576K
}
Event: 10.574 GC heap after
{Heap after GC invocations=22 (full 0):
 garbage-first heap   total 172032K, used 46613K [0x0000000604400000, 0x0000000800000000)
  region size 4096K, 2 young (8192K), 2 survivors (8192K)
 Metaspace       used 87163K, committed 87744K, reserved 1179648K
  class space    used 11723K, committed 12032K, reserved 1048576K
}
Event: 10.696 GC heap before
{Heap before GC invocations=22 (full 0):
 garbage-first heap   total 172032K, used 128533K [0x0000000604400000, 0x0000000800000000)
  region size 4096K, 22 young (90112K), 2 survivors (8192K)
 Metaspace       used 87192K, committed 87808K, reserved 1179648K
  class space    used 11733K, committed 12032K, reserved 1048576K
}
Event: 10.700 GC heap after
{Heap after GC invocations=23 (full 0):
 garbage-first heap   total 172032K, used 53501K [0x0000000604400000, 0x0000000800000000)
  region size 4096K, 3 young (12288K), 3 survivors (12288K)
 Metaspace       used 87192K, committed 87808K, reserved 1179648K
  class space    used 11733K, committed 12032K, reserved 1048576K
}
Event: 10.788 GC heap before
{Heap before GC invocations=23 (full 0):
 garbage-first heap   total 172032K, used 127229K [0x0000000604400000, 0x0000000800000000)
  region size 4096K, 21 young (86016K), 3 survivors (12288K)
 Metaspace       used 87194K, committed 87808K, reserved 1179648K
  class space    used 11733K, committed 12032K, reserved 1048576K
}
Event: 10.797 GC heap after
{Heap after GC invocations=24 (full 0):
 garbage-first heap   total 172032K, used 71694K [0x0000000604400000, 0x0000000800000000)
  region size 4096K, 3 young (12288K), 3 survivors (12288K)
 Metaspace       used 87194K, committed 87808K, reserved 1179648K
  class space    used 11733K, committed 12032K, reserved 1048576K
}
Event: 10.862 GC heap before
{Heap before GC invocations=24 (full 0):
 garbage-first heap   total 172032K, used 120846K [0x0000000604400000, 0x0000000800000000)
  region size 4096K, 15 young (61440K), 3 survivors (12288K)
 Metaspace       used 87194K, committed 87808K, reserved 1179648K
  class space    used 11733K, committed 12032K, reserved 1048576K
}
Event: 10.871 GC heap after
{Heap after GC invocations=25 (full 0):
 garbage-first heap   total 172032K, used 91929K [0x0000000604400000, 0x0000000800000000)
  region size 4096K, 2 young (8192K), 2 survivors (8192K)
 Metaspace       used 87194K, committed 87808K, reserved 1179648K
  class space    used 11733K, committed 12032K, reserved 1048576K
}
Event: 10.905 GC heap before
{Heap before GC invocations=25 (full 0):
 garbage-first heap   total 172032K, used 120601K [0x0000000604400000, 0x0000000800000000)
  region size 4096K, 9 young (36864K), 2 survivors (8192K)
 Metaspace       used 87194K, committed 87808K, reserved 1179648K
  class space    used 11733K, committed 12032K, reserved 1048576K
}
Event: 10.912 GC heap after
{Heap after GC invocations=26 (full 0):
 garbage-first heap   total 172032K, used 105873K [0x0000000604400000, 0x0000000800000000)
  region size 4096K, 2 young (8192K), 2 survivors (8192K)
 Metaspace       used 87194K, committed 87808K, reserved 1179648K
  class space    used 11733K, committed 12032K, reserved 1048576K
}
Event: 10.927 GC heap before
{Heap before GC invocations=26 (full 0):
 garbage-first heap   total 172032K, used 122257K [0x0000000604400000, 0x0000000800000000)
  region size 4096K, 6 young (24576K), 2 survivors (8192K)
 Metaspace       used 87194K, committed 87808K, reserved 1179648K
  class space    used 11733K, committed 12032K, reserved 1048576K
}
Event: 10.932 GC heap after
{Heap after GC invocations=27 (full 0):
 garbage-first heap   total 344064K, used 113277K [0x0000000604400000, 0x0000000800000000)
  region size 4096K, 1 young (4096K), 1 survivors (4096K)
 Metaspace       used 87194K, committed 87808K, reserved 1179648K
  class space    used 11733K, committed 12032K, reserved 1048576K
}
Event: 11.155 GC heap before
{Heap before GC invocations=28 (full 0):
 garbage-first heap   total 344064K, used 215677K [0x0000000604400000, 0x0000000800000000)
  region size 4096K, 26 young (106496K), 1 survivors (4096K)
 Metaspace       used 87336K, committed 87936K, reserved 1179648K
  class space    used 11759K, committed 12096K, reserved 1048576K
}
Event: 11.160 GC heap after
{Heap after GC invocations=29 (full 0):
 garbage-first heap   total 344064K, used 120189K [0x0000000604400000, 0x0000000800000000)
  region size 4096K, 3 young (12288K), 3 survivors (12288K)
 Metaspace       used 87336K, committed 87936K, reserved 1179648K
  class space    used 11759K, committed 12096K, reserved 1048576K
}
Event: 11.165 GC heap before
{Heap before GC invocations=29 (full 0):
 garbage-first heap   total 344064K, used 124285K [0x0000000604400000, 0x0000000800000000)
  region size 4096K, 4 young (16384K), 3 survivors (12288K)
 Metaspace       used 87336K, committed 87936K, reserved 1179648K
  class space    used 11759K, committed 12096K, reserved 1048576K
}
Event: 11.169 GC heap after
{Heap after GC invocations=30 (full 0):
 garbage-first heap   total 344064K, used 114324K [0x0000000604400000, 0x0000000800000000)
  region size 4096K, 1 young (4096K), 1 survivors (4096K)
 Metaspace       used 87336K, committed 87936K, reserved 1179648K
  class space    used 11759K, committed 12096K, reserved 1048576K
}

Dll operation events (12 events):
Event: 0.013 Loaded shared library C:\Users\cquiroz\.jdks\corretto-17.0.9\bin\java.dll
Event: 0.014 Loaded shared library C:\Users\cquiroz\.jdks\corretto-17.0.9\bin\zip.dll
Event: 0.032 Loaded shared library C:\Users\cquiroz\.jdks\corretto-17.0.9\bin\jsvml.dll
Event: 0.186 Loaded shared library C:\Users\cquiroz\.jdks\corretto-17.0.9\bin\instrument.dll
Event: 0.224 Loaded shared library C:\Users\cquiroz\.jdks\corretto-17.0.9\bin\net.dll
Event: 0.226 Loaded shared library C:\Users\cquiroz\.jdks\corretto-17.0.9\bin\nio.dll
Event: 0.230 Loaded shared library C:\Users\cquiroz\.jdks\corretto-17.0.9\bin\zip.dll
Event: 0.345 Loaded shared library C:\Users\cquiroz\.jdks\corretto-17.0.9\bin\verify.dll
Event: 0.353 Loaded shared library C:\Users\cquiroz\.jdks\corretto-17.0.9\bin\jimage.dll
Event: 0.644 Loaded shared library C:\Users\cquiroz\.jdks\corretto-17.0.9\bin\management.dll
Event: 0.648 Loaded shared library C:\Users\cquiroz\.jdks\corretto-17.0.9\bin\management_ext.dll
Event: 1.685 Loaded shared library C:\Users\cquiroz\.jdks\corretto-17.0.9\bin\sunmscapi.dll

Deoptimization events (20 events):
Event: 12.247 Thread 0x000001f4ee48dc30 DEOPT PACKING pc=0x000001f48f7c3154 sp=0x000000c6bf4fa450
Event: 12.247 Thread 0x000001f4ee48dc30 DEOPT UNPACKING pc=0x000001f48eeface3 sp=0x000000c6bf4f98c8 mode 1
Event: 12.247 Thread 0x000001f4ee48dc30 DEOPT PACKING pc=0x000001f487fe19b4 sp=0x000000c6bf4fa490
Event: 12.247 Thread 0x000001f4ee48dc30 DEOPT UNPACKING pc=0x000001f48eeface3 sp=0x000000c6bf4f9a00 mode 1
Event: 12.247 Thread 0x000001f4ee48dc30 DEOPT PACKING pc=0x000001f488476f64 sp=0x000000c6bf4fa5e0
Event: 12.247 Thread 0x000001f4ee48dc30 DEOPT UNPACKING pc=0x000001f48eeface3 sp=0x000000c6bf4f9aa0 mode 1
Event: 12.307 Thread 0x000001f4ee48dc30 DEOPT PACKING pc=0x000001f4880e2929 sp=0x000000c6bf4f9480
Event: 12.307 Thread 0x000001f4ee48dc30 DEOPT UNPACKING pc=0x000001f48eeface3 sp=0x000000c6bf4f8958 mode 1
Event: 12.307 Thread 0x000001f4ee48dc30 DEOPT PACKING pc=0x000001f4880e6944 sp=0x000000c6bf4f9510
Event: 12.307 Thread 0x000001f4ee48dc30 DEOPT UNPACKING pc=0x000001f48eeface3 sp=0x000000c6bf4f8ac0 mode 1
Event: 12.307 Thread 0x000001f4ee48dc30 DEOPT PACKING pc=0x000001f4880e8f8c sp=0x000000c6bf4f9680
Event: 12.307 Thread 0x000001f4ee48dc30 DEOPT UNPACKING pc=0x000001f48eeface3 sp=0x000000c6bf4f8c50 mode 1
Event: 12.321 Thread 0x000001f4ee48dc30 DEOPT PACKING pc=0x000001f48f8375c8 sp=0x000000c6bf4f9a30
Event: 12.321 Thread 0x000001f4ee48dc30 DEOPT UNPACKING pc=0x000001f48eeface3 sp=0x000000c6bf4f8ec8 mode 1
Event: 12.321 Thread 0x000001f4ee48dc30 DEOPT PACKING pc=0x000001f48f7c3154 sp=0x000000c6bf4fa3f0
Event: 12.321 Thread 0x000001f4ee48dc30 DEOPT UNPACKING pc=0x000001f48eeface3 sp=0x000000c6bf4f9868 mode 1
Event: 12.321 Thread 0x000001f4ee48dc30 DEOPT PACKING pc=0x000001f487fe19b4 sp=0x000000c6bf4fa430
Event: 12.321 Thread 0x000001f4ee48dc30 DEOPT UNPACKING pc=0x000001f48eeface3 sp=0x000000c6bf4f99a0 mode 1
Event: 12.321 Thread 0x000001f4ee48dc30 DEOPT PACKING pc=0x000001f488476f64 sp=0x000000c6bf4fa580
Event: 12.321 Thread 0x000001f4ee48dc30 DEOPT UNPACKING pc=0x000001f48eeface3 sp=0x000000c6bf4f9a40 mode 1

Classes unloaded (1 events):
Event: 10.958 Thread 0x000001f4fddc9450 Unloading class 0x000001f4a9bc0800 'jdk/internal/reflect/GeneratedSerializationConstructorAccessor5'

Classes redefined (1 events):
Event: 0.201 Thread 0x000001f4fddc9450 redefined class name=java.lang.Throwable, count=1

Internal exceptions (20 events):
Event: 9.490 Thread 0x000001f4ee48dc30 Exception <a 'java/lang/reflect/InvocationTargetException'{0x00000006097e0a88}> (0x00000006097e0a88) 
thrown [s\src\hotspot\share\runtime\reflection.cpp, line 1121]
Event: 9.492 Thread 0x000001f4ee48dc30 Exception <a 'java/lang/reflect/InvocationTargetException'{0x00000006097ebd70}> (0x00000006097ebd70) 
thrown [s\src\hotspot\share\runtime\reflection.cpp, line 1121]
Event: 9.497 Thread 0x000001f4ee48dc30 Exception <a 'java/lang/reflect/InvocationTargetException'{0x0000000609048630}> (0x0000000609048630) 
thrown [s\src\hotspot\share\runtime\reflection.cpp, line 1121]
Event: 9.518 Thread 0x000001f4ee48dc30 Exception <a 'java/lang/reflect/InvocationTargetException'{0x0000000609206328}> (0x0000000609206328) 
thrown [s\src\hotspot\share\runtime\reflection.cpp, line 1121]
Event: 9.529 Thread 0x000001f4ee48dc30 Exception <a 'java/lang/reflect/InvocationTargetException'{0x0000000609273178}> (0x0000000609273178) 
thrown [s\src\hotspot\share\runtime\reflection.cpp, line 1121]
Event: 10.083 Thread 0x000001f4ee48dc30 Exception <a 'java/lang/reflect/InvocationTargetException'{0x0000000623f80498}> (0x0000000623f80498) 
thrown [s\src\hotspot\share\runtime\reflection.cpp, line 1121]
Event: 10.276 Thread 0x000001f4ee48dc30 Exception <a 'java/lang/reflect/InvocationTargetException'{0x000000060a31e350}> (0x000000060a31e350) 
thrown [s\src\hotspot\share\runtime\reflection.cpp, line 1121]
Event: 10.300 Thread 0x000001f4ee48dc30 Exception <a 'java/lang/reflect/InvocationTargetException'{0x0000000623c66728}> (0x0000000623c66728) 
thrown [s\src\hotspot\share\runtime\reflection.cpp, line 1121]
Event: 10.305 Thread 0x000001f4ee48dc30 Exception <a 'java/lang/reflect/InvocationTargetException'{0x0000000623c77bb0}> (0x0000000623c77bb0) 
thrown [s\src\hotspot\share\runtime\reflection.cpp, line 1121]
Event: 10.308 Thread 0x000001f4ee48dc30 Exception <a 'java/lang/reflect/InvocationTargetException'{0x0000000623c8b4e0}> (0x0000000623c8b4e0) 
thrown [s\src\hotspot\share\runtime\reflection.cpp, line 1121]
Event: 10.398 Thread 0x000001f4ee48dc30 Exception <a 'java/lang/reflect/InvocationTargetException'{0x000000060b652878}> (0x000000060b652878) 
thrown [s\src\hotspot\share\runtime\reflection.cpp, line 1121]
Event: 10.406 Thread 0x000001f4ee48dc30 Exception <a 'java/lang/reflect/InvocationTargetException'{0x000000060b67c2d0}> (0x000000060b67c2d0) 
thrown [s\src\hotspot\share\runtime\reflection.cpp, line 1121]
Event: 10.408 Thread 0x000001f4ee48dc30 Exception <a 'java/lang/reflect/InvocationTargetException'{0x000000060b68a4b8}> (0x000000060b68a4b8) 
thrown [s\src\hotspot\share\runtime\reflection.cpp, line 1121]
Event: 10.411 Thread 0x000001f4ee48dc30 Exception <a 'java/lang/reflect/InvocationTargetException'{0x000000060b69dac0}> (0x000000060b69dac0) 
thrown [s\src\hotspot\share\runtime\reflection.cpp, line 1121]
Event: 10.499 Thread 0x000001f4ee48dc30 Exception <a 'java/lang/NoSuchMethodError'{0x0000000609ed67c0}: 'int java.lang.invoke.DirectMethodHandle$Holder.invokeStaticInit(java.lang.Object, int, java.lang.Object, java.lang.Object, java.lang.Object, java.lang.Object)'> (0x0000000609ed67c0) 
thrown [s\src\hotspot\share\interpreter\linkResolver.cpp, line 759]
Event: 11.416 Thread 0x000001f4ee48dc30 Exception <a 'java/io/FileNotFoundException'{0x000000061504b050}> (0x000000061504b050) 
thrown [s\src\hotspot\share\prims\jni.cpp, line 516]
Event: 11.418 Thread 0x000001f4ee48dc30 Exception <a 'java/io/FileNotFoundException'{0x0000000615056a90}> (0x0000000615056a90) 
thrown [s\src\hotspot\share\prims\jni.cpp, line 516]
Event: 11.521 Thread 0x000001f4ee48dc30 Implicit null exception at 0x000001f48fc5e58f to 0x000001f48fc65464
Event: 11.916 Thread 0x000001f4ee48dc30 Exception <a 'java/lang/IncompatibleClassChangeError'{0x0000000613f0c7a0}: Found class java.lang.Object, but interface was expected> (0x0000000613f0c7a0) 
thrown [s\src\hotspot\share\interpreter\linkResolver.cpp, line 826]
Event: 12.305 Thread 0x000001f4ee48dc30 Exception <a 'java/lang/NoSuchMethodError'{0x0000000612cf4690}: 'java.lang.Object java.lang.invoke.DirectMethodHandle$Holder.invokeStaticInit(java.lang.Object, java.lang.Object, java.lang.Object, java.lang.Object, java.lang.Object)'> (0x0000000612cf4690) 
thrown [s\src\hotspot\share\interpreter\linkResolver.cpp, line 759]

VM Operations (20 events):
Event: 11.154 Executing VM operation: G1CollectForAllocation
Event: 11.160 Executing VM operation: G1CollectForAllocation done
Event: 11.165 Executing VM operation: G1CollectForAllocation
Event: 11.169 Executing VM operation: G1CollectForAllocation done
Event: 11.501 Executing VM operation: ICBufferFull
Event: 11.501 Executing VM operation: ICBufferFull done
Event: 11.521 Executing VM operation: HandshakeAllThreads
Event: 11.521 Executing VM operation: HandshakeAllThreads done
Event: 11.765 Executing VM operation: HandshakeAllThreads
Event: 11.765 Executing VM operation: HandshakeAllThreads done
Event: 11.790 Executing VM operation: HandshakeAllThreads
Event: 11.790 Executing VM operation: HandshakeAllThreads done
Event: 11.792 Executing VM operation: HandshakeAllThreads
Event: 11.792 Executing VM operation: HandshakeAllThreads done
Event: 11.864 Executing VM operation: ICBufferFull
Event: 11.864 Executing VM operation: ICBufferFull done
Event: 11.928 Executing VM operation: HandshakeAllThreads
Event: 11.928 Executing VM operation: HandshakeAllThreads done
Event: 11.960 Executing VM operation: HandshakeAllThreads
Event: 11.960 Executing VM operation: HandshakeAllThreads done

Events (20 events):
Event: 12.327 loading class org/springframework/core/codec/NettyByteBufEncoder
Event: 12.327 loading class org/springframework/core/codec/NettyByteBufEncoder done
Event: 12.328 loading class org/springframework/http/codec/ResourceHttpMessageWriter
Event: 12.328 loading class org/springframework/http/codec/ResourceHttpMessageWriter done
Event: 12.330 loading class org/springframework/core/io/support/ResourceRegion
Event: 12.330 loading class org/springframework/core/io/support/ResourceRegion done
Event: 12.331 loading class org/springframework/core/codec/ResourceEncoder
Event: 12.331 loading class org/springframework/core/codec/ResourceEncoder done
Event: 12.332 loading class org/springframework/core/codec/AbstractSingleValueEncoder
Event: 12.332 loading class org/springframework/core/codec/AbstractSingleValueEncoder done
Event: 12.333 loading class org/springframework/core/codec/ResourceRegionEncoder
Event: 12.333 loading class org/springframework/core/codec/ResourceRegionEncoder done
Event: 12.334 loading class org/springframework/core/codec/EncodingException
Event: 12.334 loading class org/springframework/core/codec/EncodingException done
Event: 12.336 loading class org/springframework/core/codec/CharSequenceEncoder
Event: 12.336 loading class org/springframework/core/codec/CharSequenceEncoder done
Event: 12.337 loading class java/nio/charset/CoderMalfunctionError
Event: 12.337 loading class java/nio/charset/CoderMalfunctionError done
Event: 12.338 loading class org/springframework/core/codec/Hints
Event: 12.338 loading class org/springframework/core/codec/Hints done


Dynamic libraries:
0x00007ff7d8890000 - 0x00007ff7d889e000 	C:\Users\cquiroz\.jdks\corretto-17.0.9\bin\java.exe
0x00007fff5d4f0000 - 0x00007fff5d708000 	C:\WINDOWS\SYSTEM32\ntdll.dll
0x00007fff5d1f0000 - 0x00007fff5d2b4000 	C:\WINDOWS\System32\KERNEL32.DLL
0x00007fff5ce10000 - 0x00007fff5d1e3000 	C:\WINDOWS\System32\KERNELBASE.dll
0x00007fff5a780000 - 0x00007fff5a891000 	C:\WINDOWS\System32\ucrtbase.dll
0x00007ffe99e00000 - 0x00007ffe99e17000 	C:\Users\cquiroz\.jdks\corretto-17.0.9\bin\jli.dll
0x00007ffe99e20000 - 0x00007ffe99e3b000 	C:\Users\cquiroz\.jdks\corretto-17.0.9\bin\VCRUNTIME140.dll
0x00007fff5d2c0000 - 0x00007fff5d472000 	C:\WINDOWS\System32\USER32.dll
0x00007fff4fec0000 - 0x00007fff5015c000 	C:\WINDOWS\WinSxS\amd64_microsoft.windows.common-controls_6595b64144ccf1df_6.0.22621.6060_none_2712eda17382d24b\COMCTL32.dll
0x00007fff5a750000 - 0x00007fff5a776000 	C:\WINDOWS\System32\win32u.dll
0x00007fff5b290000 - 0x00007fff5b337000 	C:\WINDOWS\System32\msvcrt.dll
0x00007fff5abf0000 - 0x00007fff5ac19000 	C:\WINDOWS\System32\GDI32.dll
0x00007fff5aa10000 - 0x00007fff5ab2b000 	C:\WINDOWS\System32\gdi32full.dll
0x00007fff5a580000 - 0x00007fff5a61a000 	C:\WINDOWS\System32\msvcp_win.dll
0x00007fff5b690000 - 0x00007fff5b6c1000 	C:\WINDOWS\System32\IMM32.DLL
0x00007ffe99df0000 - 0x00007ffe99dfc000 	C:\Users\cquiroz\.jdks\corretto-17.0.9\bin\vcruntime140_1.dll
0x00007ffe99d60000 - 0x00007ffe99ded000 	C:\Users\cquiroz\.jdks\corretto-17.0.9\bin\msvcp140.dll
0x00007ffe93a60000 - 0x00007ffe946c1000 	C:\Users\cquiroz\.jdks\corretto-17.0.9\bin\server\jvm.dll
0x00007fff5b3e0000 - 0x00007fff5b491000 	C:\WINDOWS\System32\ADVAPI32.dll
0x00007fff5b5e0000 - 0x00007fff5b688000 	C:\WINDOWS\System32\sechost.dll
0x00007fff5a720000 - 0x00007fff5a748000 	C:\WINDOWS\System32\bcrypt.dll
0x00007fff5ccf0000 - 0x00007fff5ce08000 	C:\WINDOWS\System32\RPCRT4.dll
0x00007fff50360000 - 0x00007fff50394000 	C:\WINDOWS\SYSTEM32\WINMM.dll
0x00007fff59460000 - 0x00007fff594ad000 	C:\WINDOWS\SYSTEM32\POWRPROF.dll
0x00007fff55910000 - 0x00007fff5591a000 	C:\WINDOWS\SYSTEM32\VERSION.dll
0x00007fff514a0000 - 0x00007fff514a9000 	C:\WINDOWS\SYSTEM32\WSOCK32.dll
0x00007fff5b4b0000 - 0x00007fff5b521000 	C:\WINDOWS\System32\WS2_32.dll
0x00007fff59400000 - 0x00007fff59413000 	C:\WINDOWS\SYSTEM32\UMPDC.dll
0x00007fff59510000 - 0x00007fff59528000 	C:\WINDOWS\SYSTEM32\kernel.appcore.dll
0x00007ffe9a190000 - 0x00007ffe9a19a000 	C:\Users\cquiroz\.jdks\corretto-17.0.9\bin\jimage.dll
0x00007fff50a20000 - 0x00007fff50c53000 	C:\WINDOWS\SYSTEM32\DBGHELP.DLL
0x00007fff5b880000 - 0x00007fff5bc11000 	C:\WINDOWS\System32\combase.dll
0x00007fff5bd20000 - 0x00007fff5bdf8000 	C:\WINDOWS\System32\OLEAUT32.dll
0x00007fff502a0000 - 0x00007fff502d2000 	C:\WINDOWS\SYSTEM32\dbgcore.DLL
0x00007fff5a6a0000 - 0x00007fff5a71b000 	C:\WINDOWS\System32\bcryptPrimitives.dll
0x00007ffe99fd0000 - 0x00007ffe9a00b000 	C:\Users\cquiroz\.jdks\corretto-17.0.9\bin\jdwp.dll
0x00007ffe99fc0000 - 0x00007ffe99fce000 	C:\Users\cquiroz\.jdks\corretto-17.0.9\bin\instrument.dll
0x00007ffe9a1a0000 - 0x00007ffe9a1c5000 	C:\Users\cquiroz\.jdks\corretto-17.0.9\bin\java.dll
0x00007ffe9a050000 - 0x00007ffe9a068000 	C:\Users\cquiroz\.jdks\corretto-17.0.9\bin\zip.dll
0x00007ffe9a0b0000 - 0x00007ffe9a187000 	C:\Users\cquiroz\.jdks\corretto-17.0.9\bin\jsvml.dll
0x00007fff5be00000 - 0x00007fff5c69c000 	C:\WINDOWS\System32\SHELL32.dll
0x00007fff5a440000 - 0x00007fff5a57f000 	C:\WINDOWS\System32\wintypes.dll
0x00007fff581c0000 - 0x00007fff58ada000 	C:\WINDOWS\SYSTEM32\windows.storage.dll
0x00007fff5ace0000 - 0x00007fff5ade4000 	C:\WINDOWS\System32\SHCORE.dll
0x00007fff5b220000 - 0x00007fff5b289000 	C:\WINDOWS\System32\shlwapi.dll
0x00007fff5a370000 - 0x00007fff5a395000 	C:\WINDOWS\SYSTEM32\profapi.dll
0x00007ffe99fb0000 - 0x00007ffe99fbc000 	C:\Users\cquiroz\.jdks\corretto-17.0.9\bin\dt_socket.dll
0x00007fff58ce0000 - 0x00007fff58d0d000 	C:\WINDOWS\SYSTEM32\IPHLPAPI.DLL
0x00007fff599f0000 - 0x00007fff59a59000 	C:\WINDOWS\system32\mswsock.dll
0x00007ffe9a090000 - 0x00007ffe9a0a9000 	C:\Users\cquiroz\.jdks\corretto-17.0.9\bin\net.dll
0x00007fff55920000 - 0x00007fff55a4c000 	C:\WINDOWS\SYSTEM32\WINHTTP.dll
0x00007ffe9a070000 - 0x00007ffe9a086000 	C:\Users\cquiroz\.jdks\corretto-17.0.9\bin\nio.dll
0x00007ffe964d0000 - 0x00007ffe964e0000 	C:\Users\cquiroz\.jdks\corretto-17.0.9\bin\verify.dll
0x00007ffe9a030000 - 0x00007ffe9a039000 	C:\Users\cquiroz\.jdks\corretto-17.0.9\bin\management.dll
0x00007ffe9a020000 - 0x00007ffe9a02b000 	C:\Users\cquiroz\.jdks\corretto-17.0.9\bin\management_ext.dll
0x00007fff5bc20000 - 0x00007fff5bc28000 	C:\WINDOWS\System32\PSAPI.DLL
0x00007ffe9a040000 - 0x00007ffe9a04e000 	C:\Users\cquiroz\.jdks\corretto-17.0.9\bin\sunmscapi.dll
0x00007fff5a8a0000 - 0x00007fff5aa08000 	C:\WINDOWS\System32\CRYPT32.dll
0x00007fff59d80000 - 0x00007fff59dae000 	C:\WINDOWS\SYSTEM32\ncrypt.dll
0x00007fff59d40000 - 0x00007fff59d77000 	C:\WINDOWS\SYSTEM32\NTASN1.dll
0x00007fff59c40000 - 0x00007fff59c5b000 	C:\WINDOWS\SYSTEM32\CRYPTSP.dll
0x00007fff59420000 - 0x00007fff59457000 	C:\WINDOWS\system32\rsaenh.dll
0x00007fff59ae0000 - 0x00007fff59b08000 	C:\WINDOWS\SYSTEM32\USERENV.dll
0x00007fff59c60000 - 0x00007fff59c6c000 	C:\WINDOWS\SYSTEM32\CRYPTBASE.dll
0x00007fff5bc30000 - 0x00007fff5bc39000 	C:\WINDOWS\System32\NSI.dll
0x00007fff55d10000 - 0x00007fff55d29000 	C:\WINDOWS\SYSTEM32\dhcpcsvc6.DLL
0x00007fff55cc0000 - 0x00007fff55cdf000 	C:\WINDOWS\SYSTEM32\dhcpcsvc.DLL
0x00007fff58d10000 - 0x00007fff58e08000 	C:\WINDOWS\SYSTEM32\DNSAPI.dll
0x00007fff545d0000 - 0x00007fff545da000 	C:\Windows\System32\rasadhlp.dll
0x00007fff561f0000 - 0x00007fff56274000 	C:\WINDOWS\System32\fwpuclnt.dll

dbghelp: loaded successfully - version: 4.0.5 - missing functions: none
symbol engine: initialized successfully - sym options: 0x614 - pdb path: .;C:\Users\cquiroz\.jdks\corretto-17.0.9\bin;C:\WINDOWS\SYSTEM32;C:\WINDOWS\WinSxS\amd64_microsoft.windows.common-controls_6595b64144ccf1df_6.0.22621.6060_none_2712eda17382d24b;C:\Users\cquiroz\.jdks\corretto-17.0.9\bin\server

VM Arguments:
jvm_args: -agentlib:jdwp=transport=dt_socket,address=127.0.0.1:59323,suspend=y,server=n -javaagent:C:\Users\cquiroz\AppData\Local\JetBrains\IdeaIC2025.2\captureAgent\debugger-agent.jar=file:///C:/Users/cquiroz/AppData/Local/Temp/capture2925939387820602054.props -Dkotlinx.coroutines.debug.enable.creation.stack.trace=false -Ddebugger.agent.enable.coroutines=true -Dkotlinx.coroutines.debug.enable.flows.stack.trace=true -Dkotlinx.coroutines.debug.enable.mutable.state.flows.stack.trace=true -Dfile.encoding=UTF-8 
java_command: com.ceqb.SistemaVentaDispositivos2025.SistemaVentaDispositivos2025Application
java_class_path (initial): D:\SistemaVentaDispositivos2025\target\classes;C:\Users\cquiroz\.m2\repository\org\springframework\boot\spring-boot-starter-websocket\3.5.4\spring-boot-starter-websocket-3.5.4.jar;C:\Users\cquiroz\.m2\repository\org\springframework\spring-messaging\6.2.9\spring-messaging-6.2.9.jar;C:\Users\cquiroz\.m2\repository\org\springframework\spring-beans\6.2.9\spring-beans-6.2.9.jar;C:\Users\cquiroz\.m2\repository\org\springframework\spring-websocket\6.2.9\spring-websocket-6.2.9.jar;C:\Users\cquiroz\.m2\repository\org\springframework\spring-context\6.2.9\spring-context-6.2.9.jar;C:\Users\cquiroz\.m2\repository\org\springframework\boot\spring-boot-starter-validation\3.5.4\spring-boot-starter-validation-3.5.4.jar;C:\Users\cquiroz\.m2\repository\org\apache\tomcat\embed\tomcat-embed-el\10.1.43\tomcat-embed-el-10.1.43.jar;C:\Users\cquiroz\.m2\repository\org\hibernate\validator\hibernate-validator\8.0.2.Final\hibernate-validator-8.0.2.Final.jar;C:\Users\cquiroz\.m2\repository\jakarta\validation\jakarta.validation-api\3.0.2\jakarta.validation-api-3.0.2.jar;C:\Users\cquiroz\.m2\repository\org\jboss\logging\jboss-logging\3.6.1.Final\jboss-logging-3.6.1.Final.jar;C:\Users\cquiroz\.m2\repository\com\fasterxml\classmate\1.7.0\classmate-1.7.0.jar;C:\Users\cquiroz\.m2\repository\io\netty\netty-common\4.1.123.Final\netty-common-4.1.123.Final.jar;C:\Users\cquiroz\.m2\repository\org\springframework\boot\spring-boot-starter-webflux\3.5.4\spring-boot-starter-webflux-3.5.4.jar;C:\Users\cquiroz\.m2\repository\org\springframework\boot\spring-boot-starter-json\3.5.4\spring-boot-starter-json-3.5.4.jar;C:\Users\cquiroz\.m2\repository\com\fasterxml\jackson\core\jackson-databind\2.19.2\jackson-databind-2.19.2.jar;C:\Users\cquiroz\.m2\repository\com\fasterxml\jackson\core\jackson-annotations\2.19.2\jackson-annotations-2.19.2.jar;C:\Users\cquiroz\.m2\repository\com\fasterxml\jackson\core\jackson-core\2.19.2\jackson-core-2.19.2.jar;C:\Users\cquiroz\.m2\repository\com\fasterxml
Launcher Type: SUN_STANDARD

[Global flags]
     intx CICompilerCount                          = 12                                        {product} {ergonomic}
     uint ConcGCThreads                            = 3                                         {product} {ergonomic}
     uint G1ConcRefinementThreads                  = 13                                        {product} {ergonomic}
   size_t G1HeapRegionSize                         = 4194304                                   {product} {ergonomic}
    uintx GCDrainStackTargetSize                   = 64                                        {product} {ergonomic}
   size_t InitialHeapSize                          = 532676608                                 {product} {ergonomic}
   size_t MarkStackSize                            = 4194304                                   {product} {ergonomic}
   size_t MaxHeapSize                              = 8518631424                                {product} {ergonomic}
   size_t MaxNewSize                               = 5108662272                                {product} {ergonomic}
   size_t MinHeapDeltaBytes                        = 4194304                                   {product} {ergonomic}
   size_t MinHeapSize                              = 8388608                                   {product} {ergonomic}
    uintx NonNMethodCodeHeapSize                   = 7602480                                {pd product} {ergonomic}
    uintx NonProfiledCodeHeapSize                  = 122027880                              {pd product} {ergonomic}
    uintx ProfiledCodeHeapSize                     = 122027880                              {pd product} {ergonomic}
    uintx ReservedCodeCacheSize                    = 251658240                              {pd product} {ergonomic}
     bool SegmentedCodeCache                       = true                                      {product} {ergonomic}
   size_t SoftMaxHeapSize                          = 8518631424                             {manageable} {ergonomic}
     bool UseCompressedClassPointers               = true                           {product lp64_product} {ergonomic}
     bool UseCompressedOops                        = true                           {product lp64_product} {ergonomic}
     bool UseG1GC                                  = true                                      {product} {ergonomic}
     bool UseLargePagesIndividualAllocation        = false                                  {pd product} {ergonomic}

Logging:
Log output configuration:
 #0: stdout all=warning uptime,level,tags
 #1: stderr all=off uptime,level,tags

Environment Variables:
JAVA_HOME=C:\Program Files\Java\jdk-17
PATH=D:\Archivo de programas CEQB\vwmareWorkstationPro17\bin\;C:\Program Files\Common Files\Oracle\Java\javapath;C:\Program Files (x86)\Common Files\Oracle\Java\java8path;C:\Program Files (x86)\Common Files\Oracle\Java\javapath;C:\Python313\Scripts\;C:\Python313\;F:\app\client\admindb\product\19.0.0\client_1\bin;H:\app\OracleCliente_64bits\product\11.2.0\client_1\bin;C:\Python312\Scripts\;C:\Python312\;C:\ProgramData\Oracle\Java\javapath;C:\WINDOWS\system32;C:\WINDOWS;C:\WINDOWS\System32\Wbem;C:\WINDOWS\System32\WindowsPowerShell\v1.0\;C:\WINDOWS\System32\OpenSSH\;C:\Program Files\Microsoft SQL Server\Client SDK\ODBC\170\Tools\Binn\;C:\Program Files (x86)\Microsoft SQL Server\150\Tools\Binn\;C:\Program Files\Microsoft SQL Server\150\Tools\Binn\;C:\Program Files\Microsoft SQL Server\150\DTS\Binn\;C:\ProgramData\chocolatey\bin;C:\Program Files\Microsoft SQL Server\130\DTS\Binn\;C:\Program Files\Microsoft SQL Server\Client SDK\ODBC\130\Tools\Binn\;H:\Git\cmd;C:\Program Files (x86)\Microsoft SQL Server\150\DTS\Binn\;%JAVA_HOME%\bin\;C:\Program Files\dotnet\;%MAVEN_HOME%\bin\;C:\apache-maven-3.9.10-bin\apache-maven-3.9.10\bin\;C:\Program Files (x86)\cloudflared\;C:\Program Files\nodejs\;C:\Program Files\Git\cmd;C:\Program Files\MySQL\MySQL Shell 8.0\bin\;C:\Users\cquiroz\AppData\Local\Microsoft\WindowsApps;;C:\Program Files\Azure Data Studio\bin;D:\Archivos de programas para developer\IntelliJ IDEA Community Edition 2025.2.4\bin;C:\Users\cquiroz\.dotnet\tools;C:\Users\cquiroz\AppData\Roaming\npm;C:\Program Files\JetBrains\IntelliJ IDEA 2024.3.1.1\bin;;D:\Archivos de programas para developer\Microsoft VS Code\bin
USERNAME=cquiroz
OS=Windows_NT
PROCESSOR_IDENTIFIER=Intel64 Family 6 Model 167 Stepping 1, GenuineIntel
TMP=C:\Users\cquiroz\AppData\Local\Temp
TEMP=C:\Users\cquiroz\AppData\Local\Temp



Periodic native trim disabled


---------------  S Y S T E M  ---------------

OS:
 Windows 11 , 64 bit Build 22621 (10.0.22621.5415)
OS uptime: 3 days 7:08 hours

CPU: total 16 (initial active 16) (8 cores per cpu, 2 threads per core) family 6 model 167 stepping 1 microcode 0x62, cx8, cmov, fxsr, ht, mmx, 3dnowpref, sse, sse2, sse3, ssse3, sse4.1, sse4.2, popcnt, lzcnt, tsc, tscinvbit, avx, avx2, aes, erms, clmul, bmi1, bmi2, adx, avx512f, avx512dq, avx512cd, avx512bw, avx512vl, sha, fma, vzeroupper, avx512_vpopcntdq, avx512_vpclmulqdq, avx512_vaes, avx512_vnni, clflush, clflushopt, avx512_vbmi2, avx512_vbmi
Processor Information for all 16 processors :
  Max Mhz: 2496, Current Mhz: 2496, Mhz Limit: 2496

Memory: 4k page, system-wide physical 32493M (5366M free)
TotalPageFile size 62937M (AvailPageFile size 5M)
current process WorkingSet (physical memory assigned to process): 891M, peak: 891M
current process commit charge ("private bytes"): 1017M, peak: 1017M

vm_info: OpenJDK 64-Bit Server VM (17.0.9+8-LTS) for windows-amd64 JRE (17.0.9+8-LTS), built on Oct 12 2023 16:15:33 by "Administrator" with MS VC++ 16.10 / 16.11 (VS2019)

END.
